I/wpa_supplicant(14380): CTRL-EVENT-SCAN-RESULTS  Ready
D/WifiService( 1017): acquireWifiLockLocked: WifiLock{NetworkLocationProvider type=2 binder=android.os.Binder@448eb380}
D/NetworkLocationProvider( 1017): getLocation(): triggering a wifi scan
D/NetworkLocationProvider( 1017): onCellLocationChanged [4606,0,0,2058,7]
I/wpa_supplicant(14380): CTRL-EVENT-SCAN-RESULTS  Ready
D/WifiService( 1017): releaseWifiLockLocked: WifiLock{NetworkLocationProvider type=2 binder=android.os.Binder@448eb380}
I/wpa_supplicant(14380): CTRL-EVENT-SCAN-RESULTS  Ready
I/wpa_supplicant(14380): CTRL-EVENT-SCAN-RESULTS  Ready
D/WeatherService( 1420): onStart:com.weather.WEATHER_SERVICE_GETDATA
D/WeatherService( 1420): dailyUpdate
D/WeatherService( 1420): getWeatherUpdate
D/WeatherService( 1420): updateWidgets:0
D/WeatherService( 1420): updateWidgets:0
D/WeatherService( 1420): updateWidgets:0
D/WeatherService( 1420): stopTracking
D/WeatherService( 1420): getCC: 14809,true,true,false
D/twcCurrentConditions( 1420): updateLoc:14809
D/twcCurrentConditions( 1420): Load:14809
D/twcCurrentConditions( 1420): LoadingSpawn:14809
D/AlarmManagerService( 1017): Kernel timezone updated to 240 minutes west of GMT
D/dalvikvm( 1420): GC freed 7017 objects / 351280 bytes in 51ms
D/WeatherService( 1420): CCHANDLER14809
D/AlarmManagerService( 1017): Kernel timezone updated to 240 minutes west of GMT
I/wpa_supplicant(14380): CTRL-EVENT-SCAN-RESULTS  Ready
D/dalvikvm( 1420): GC freed 18012 objects / 871408 bytes in 107ms
I/wpa_supplicant(14380): CTRL-EVENT-SCAN-RESULTS  Ready
I/wpa_supplicant(14380): CTRL-EVENT-SCAN-RESULTS  Ready
D/NetworkLocationProvider( 1017): updateWifIScanResults(): 5 APs
D/LocationMasfClient( 1017): getNetworkLocation(): Returning cache location with accuracy 75.0
D/libgps  ( 1017): GpsInterface_inject_location( 42.410993, -77.418092, 75.000 )
D/WifiService( 1017): ACTION_BATTERY_CHANGED pluggedType: 2
D/Listen  ( 4847): battery state change: 2:80:2
D/Listen  ( 4847): startNextDownload isBlocked:true
I/wpa_supplicant(14380): CTRL-EVENT-SCAN-RESULTS  Ready
I/wpa_supplicant(14380): CTRL-EVENT-SCAN-RESULTS  Ready
D/WifiService( 1017): acquireWifiLockLocked: WifiLock{NetworkLocationProvider type=2 binder=android.os.Binder@448eb380}
D/NetworkLocationProvider( 1017): getLocation(): triggering a wifi scan
D/NetworkLocationProvider( 1017): onCellLocationChanged [4606,0,0,2058,7]
I/wpa_supplicant(14380): CTRL-EVENT-SCAN-RESULTS  Ready
D/WifiService( 1017): releaseWifiLockLocked: WifiLock{NetworkLocationProvider type=2 binder=android.os.Binder@448eb380}
I/wpa_supplicant(14380): CTRL-EVENT-SCAN-RESULTS  Ready
I/wpa_supplicant(14380): CTRL-EVENT-SCAN-RESULTS  Ready
I/wpa_supplicant(14380): CTRL-EVENT-SCAN-RESULTS  Ready
I/wpa_supplicant(14380): CTRL-EVENT-SCAN-RESULTS  Ready
I/wpa_supplicant(14380): CTRL-EVENT-SCAN-RESULTS  Ready
D/NetworkLocationProvider( 1017): updateWifIScanResults(): 6 APs
D/LocationMasfClient( 1017): getNetworkLocation(): Returning cache location with accuracy 75.0
D/libgps  ( 1017): GpsInterface_inject_location( 42.410984, -77.418073, 75.000 )
I/wpa_supplicant(14380): CTRL-EVENT-SCAN-RESULTS  Ready
I/wpa_supplicant(14380): CTRL-EVENT-SCAN-RESULTS  Ready
D/WifiService( 1017): acquireWifiLockLocked: WifiLock{NetworkLocationProvider type=2 binder=android.os.Binder@448eb380}
D/NetworkLocationProvider( 1017): getLocation(): triggering a wifi scan
D/NetworkLocationProvider( 1017): onCellLocationChanged [4606,0,0,2058,7]
I/wpa_supplicant(14380): CTRL-EVENT-SCAN-RESULTS  Ready
D/WifiService( 1017): releaseWifiLockLocked: WifiLock{NetworkLocationProvider type=2 binder=android.os.Binder@448eb380}
I/wpa_supplicant(14380): CTRL-EVENT-SCAN-RESULTS  Ready
D/WifiService( 1017): ACTION_BATTERY_CHANGED pluggedType: 2
D/Listen  ( 4847): battery state change: 2:80:2
D/Listen  ( 4847): startNextDownload isBlocked:true
I/wpa_supplicant(14380): CTRL-EVENT-SCAN-RESULTS  Ready
I/wpa_supplicant(14380): CTRL-EVENT-SCAN-RESULTS  Ready
I/wpa_supplicant(14380): CTRL-EVENT-SCAN-RESULTS  Ready
I/wpa_supplicant(14380): CTRL-EVENT-SCAN-RESULTS  Ready
D/NetworkLocationProvider( 1017): updateWifIScanResults(): 5 APs
D/LocationMasfClient( 1017): getNetworkLocation(): Returning cache location with accuracy 75.0
D/libgps  ( 1017): GpsInterface_inject_location( 42.410986, -77.418100, 75.000 )
D/WeatherService( 1420): onStart:com.weather.WEATHER_SERVICE_GETDATA
D/WeatherService( 1420): dailyUpdate
D/WeatherService( 1420): getWeatherUpdate
D/WeatherService( 1420): updateWidgets:0
D/WeatherService( 1420): updateWidgets:0
D/WeatherService( 1420): updateWidgets:0
D/WeatherService( 1420): stopTracking
D/WeatherService( 1420): getCC: 14809,true,true,false
D/twcCurrentConditions( 1420): updateLoc:14809
D/twcCurrentConditions( 1420): no need to pull any data:14809
I/wpa_supplicant(14380): CTRL-EVENT-SCAN-RESULTS  Ready
D/dalvikvm( 1420): GC freed 208 objects / 10760 bytes in 128ms
D/AlarmManagerService( 1017): Kernel timezone updated to 240 minutes west of GMT
D/AlarmManagerService( 1017): Kernel timezone updated to 240 minutes west of GMT
I/wpa_supplicant(14380): CTRL-EVENT-SCAN-RESULTS  Ready
D/WifiService( 1017): acquireWifiLockLocked: WifiLock{NetworkLocationProvider type=2 binder=android.os.Binder@448eb380}
D/NetworkLocationProvider( 1017): getLocation(): triggering a wifi scan
D/NetworkLocationProvider( 1017): onCellLocationChanged [4606,0,0,2058,7]
I/wpa_supplicant(14380): CTRL-EVENT-SCAN-RESULTS  Ready
D/WifiService( 1017): releaseWifiLockLocked: WifiLock{NetworkLocationProvider type=2 binder=android.os.Binder@448eb380}
I/wpa_supplicant(14380): CTRL-EVENT-SCAN-RESULTS  Ready
I/wpa_supplicant(14380): CTRL-EVENT-SCAN-RESULTS  Ready
D/AlarmManagerService( 1017): Kernel timezone updated to 240 minutes west of GMT
I/wpa_supplicant(14380): CTRL-EVENT-SCAN-RESULTS  Ready
D/AlarmManagerService( 1017): Kernel timezone updated to 240 minutes west of GMT
D/AlarmManagerService( 1017): Kernel timezone updated to 240 minutes west of GMT
D/AlarmManagerService( 1017): Kernel timezone updated to 240 minutes west of GMT
I/wpa_supplicant(14380): CTRL-EVENT-SCAN-RESULTS  Ready
D/AlarmManagerService( 1017): Kernel timezone updated to 240 minutes west of GMT
D/SystemClock( 1068): Setting time of day to sec=1274577855
D/dalvikvm( 1017): GC freed 43956 objects / 2089328 bytes in 188ms
W/BackupManagerService( 1017): dataChanged but no participant pkg='com.android.providers.settings' uid=10017
D/AlarmManagerService( 1017): Kernel timezone updated to 240 minutes west of GMT
I/wpa_supplicant(14380): CTRL-EVENT-SCAN-RESULTS  Ready
D/NetworkLocationProvider( 1017): updateWifIScanResults(): 5 APs
D/LocationMasfClient( 1017): getNetworkLocation(): Returning cache location with accuracy 75.0
D/libgps  ( 1017): GpsInterface_inject_location( 42.410984, -77.418069, 75.000 )
D/dalvikvm( 4953): GC freed 740 objects / 54016 bytes in 103ms
D/WifiService( 1017): ACTION_BATTERY_CHANGED pluggedType: 2
D/Listen  ( 4847): battery state change: 2:80:2
D/Listen  ( 4847): startNextDownload isBlocked:true
D/dalvikvm( 4929): GC freed 963 objects / 54520 bytes in 104ms
I/wpa_supplicant(14380): CTRL-EVENT-SCAN-RESULTS  Ready
D/dalvikvm( 4913): GC freed 229 objects / 10832 bytes in 92ms
I/wpa_supplicant(14380): CTRL-EVENT-SCAN-RESULTS  Ready
D/WifiService( 1017): acquireWifiLockLocked: WifiLock{NetworkLocationProvider type=2 binder=android.os.Binder@448eb380}
D/NetworkLocationProvider( 1017): getLocation(): triggering a wifi scan
D/NetworkLocationProvider( 1017): onCellLocationChanged [4606,0,0,2058,7]
I/wpa_supplicant(14380): CTRL-EVENT-SCAN-RESULTS  Ready
D/WifiService( 1017): releaseWifiLockLocked: WifiLock{NetworkLocationProvider type=2 binder=android.os.Binder@448eb380}
I/wpa_supplicant(14380): CTRL-EVENT-SCAN-RESULTS  Ready
I/wpa_supplicant(14380): CTRL-EVENT-SCAN-RESULTS  Ready
I/wpa_supplicant(14380): CTRL-EVENT-SCAN-RESULTS  Ready
I/wpa_supplicant(14380): CTRL-EVENT-SCAN-RESULTS  Ready
I/wpa_supplicant(14380): CTRL-EVENT-SCAN-RESULTS  Ready
I/wpa_supplicant(14380): CTRL-EVENT-SCAN-RESULTS  Ready
D/NetworkLocationProvider( 1017): updateWifIScanResults(): 5 APs
D/LocationMasfClient( 1017): getNetworkLocation(): Returning cache location with accuracy 75.0
D/libgps  ( 1017): GpsInterface_inject_location( 42.410984, -77.418069, 75.000 )
I/wpa_supplicant(14380): CTRL-EVENT-SCAN-RESULTS  Ready
D/ConnectivityService( 1017): adding dns 66.174.95.44 for MOBILE
D/ConnectivityService( 1017): adding dns 66.174.92.14 for MOBILE
I/ActivityManager( 1017): Process com.android.calendar (pid 4929) has died.
D/WifiService( 1017): acquireWifiLockLocked: WifiLock{NetworkLocationProvider type=2 binder=android.os.Binder@448eb380}
D/NetworkLocationProvider( 1017): getLocation(): triggering a wifi scan
D/NetworkLocationProvider( 1017): onCellLocationChanged [4606,0,0,2058,7]
I/wpa_supplicant(14380): CTRL-EVENT-SCAN-RESULTS  Ready
D/WifiService( 1017): releaseWifiLockLocked: WifiLock{NetworkLocationProvider type=2 binder=android.os.Binder@448eb380}
I/wpa_supplicant(14380): CTRL-EVENT-SCAN-RESULTS  Ready
D/WifiService( 1017): ACTION_BATTERY_CHANGED pluggedType: 2
D/Listen  ( 4847): battery state change: 2:80:2
D/Listen  ( 4847): startNextDownload isBlocked:true
I/wpa_supplicant(14380): CTRL-EVENT-SCAN-RESULTS  Ready
D/WeatherService( 1420): onStart:com.weather.WEATHER_SERVICE_GETDATA
D/WeatherService( 1420): dailyUpdate
D/WeatherService( 1420): getWeatherUpdate
D/WeatherService( 1420): updateWidgets:0
D/WeatherService( 1420): updateWidgets:0
D/WeatherService( 1420): updateWidgets:0
D/WeatherService( 1420): stopTracking
D/WeatherService( 1420): getCC: 14809,true,true,false
D/twcCurrentConditions( 1420): updateLoc:14809
D/twcCurrentConditions( 1420): Load:14809
D/twcCurrentConditions( 1420): LoadingSpawn:14809
D/AlarmManagerService( 1017): Kernel timezone updated to 240 minutes west of GMT
D/dalvikvm( 1420): GC freed 6734 objects / 345672 bytes in 52ms
D/WeatherService( 1420): CCHANDLER14809
D/AlarmManagerService( 1017): Kernel timezone updated to 240 minutes west of GMT
I/wpa_supplicant(14380): CTRL-EVENT-SCAN-RESULTS  Ready
D/dalvikvm( 1420): GC freed 18308 objects / 891576 bytes in 112ms
I/wpa_supplicant(14380): CTRL-EVENT-SCAN-RESULTS  Ready
I/wpa_supplicant(14380): CTRL-EVENT-SCAN-RESULTS  Ready
I/wpa_supplicant(14380): CTRL-EVENT-SCAN-RESULTS  Ready
D/NetworkLocationProvider( 1017): updateWifIScanResults(): 6 APs
D/LocationMasfClient( 1017): getNetworkLocation(): Returning cache location with accuracy 75.0
D/libgps  ( 1017): GpsInterface_inject_location( 42.410990, -77.418044, 75.000 )
I/wpa_supplicant(14380): CTRL-EVENT-SCAN-RESULTS  Ready
D/WifiService( 1017): acquireWifiLockLocked: WifiLock{NetworkLocationProvider type=2 binder=android.os.Binder@448eb380}
D/NetworkLocationProvider( 1017): getLocation(): triggering a wifi scan
D/NetworkLocationProvider( 1017): onCellLocationChanged [4606,0,0,2058,7]
I/wpa_supplicant(14380): CTRL-EVENT-SCAN-RESULTS  Ready
D/WifiService( 1017): releaseWifiLockLocked: WifiLock{NetworkLocationProvider type=2 binder=android.os.Binder@448eb380}
I/wpa_supplicant(14380): CTRL-EVENT-SCAN-RESULTS  Ready
I/wpa_supplicant(14380): CTRL-EVENT-SCAN-RESULTS  Ready
D/ConnectivityService( 1017): adding dns 66.174.95.44 for MOBILE
D/ConnectivityService( 1017): adding dns 66.174.92.14 for MOBILE
I/wpa_supplicant(14380): CTRL-EVENT-SCAN-RESULTS  Ready
I/wpa_supplicant(14380): CTRL-EVENT-SCAN-RESULTS  Ready
I/wpa_supplicant(14380): CTRL-EVENT-SCAN-RESULTS  Ready
D/Listen  ( 4847): battery state change: 2:90:2
D/WifiService( 1017): ACTION_BATTERY_CHANGED pluggedType: 2
D/Listen  ( 4847): startNextDownload isBlocked:true
I/wpa_supplicant(14380): CTRL-EVENT-SCAN-RESULTS  Ready
D/NetworkLocationProvider( 1017): updateWifIScanResults(): 4 APs
D/LocationMasfClient( 1017): getNetworkLocation(): Returning cache location with accuracy 75.0
D/libgps  ( 1017): GpsInterface_inject_location( 42.410987, -77.418102, 75.000 )
I/wpa_supplicant(14380): CTRL-EVENT-SCAN-RESULTS  Ready
D/WifiService( 1017): acquireWifiLockLocked: WifiLock{NetworkLocationProvider type=2 binder=android.os.Binder@448eb380}
D/NetworkLocationProvider( 1017): getLocation(): triggering a wifi scan
D/NetworkLocationProvider( 1017): onCellLocationChanged [4606,0,0,2058,7]
I/wpa_supplicant(14380): CTRL-EVENT-SCAN-RESULTS  Ready
D/WifiService( 1017): releaseWifiLockLocked: WifiLock{NetworkLocationProvider type=2 binder=android.os.Binder@448eb380}
I/wpa_supplicant(14380): CTRL-EVENT-SCAN-RESULTS  Ready
I/wpa_supplicant(14380): CTRL-EVENT-SCAN-RESULTS  Ready
I/wpa_supplicant(14380): CTRL-EVENT-SCAN-RESULTS  Ready
I/wpa_supplicant(14380): CTRL-EVENT-SCAN-RESULTS  Ready
I/wpa_supplicant(14380): CTRL-EVENT-SCAN-RESULTS  Ready
D/WeatherService( 1420): onStart:com.weather.WEATHER_SERVICE_GETDATA
D/WeatherService( 1420): dailyUpdate
D/WeatherService( 1420): getWeatherUpdate
D/WeatherService( 1420): updateWidgets:0
D/WeatherService( 1420): updateWidgets:0
D/WeatherService( 1420): updateWidgets:0
D/WeatherService( 1420): stopTracking
D/WeatherService( 1420): getCC: 14809,true,true,false
D/twcCurrentConditions( 1420): updateLoc:14809
D/twcCurrentConditions( 1420): no need to pull any data:14809
I/wpa_supplicant(14380): CTRL-EVENT-SCAN-RESULTS  Ready
D/NetworkLocationProvider( 1017): updateWifIScanResults(): 5 APs
D/LocationMasfClient( 1017): getNetworkLocation(): Returning cache location with accuracy 75.0
D/libgps  ( 1017): GpsInterface_inject_location( 42.411000, -77.418057, 75.000 )
D/dalvikvm( 1420): GC freed 208 objects / 10744 bytes in 82ms
I/wpa_supplicant(14380): CTRL-EVENT-SCAN-RESULTS  Ready
D/AlarmManagerService( 1017): Kernel timezone updated to 240 minutes west of GMT
D/WifiService( 1017): acquireWifiLockLocked: WifiLock{NetworkLocationProvider type=2 binder=android.os.Binder@448eb380}
D/NetworkLocationProvider( 1017): getLocation(): triggering a wifi scan
D/NetworkLocationProvider( 1017): onCellLocationChanged [4606,0,0,2058,7]
I/wpa_supplicant(14380): CTRL-EVENT-SCAN-RESULTS  Ready
D/AlarmManagerService( 1017): Kernel timezone updated to 240 minutes west of GMT
D/WifiService( 1017): releaseWifiLockLocked: WifiLock{NetworkLocationProvider type=2 binder=android.os.Binder@448eb380}
I/wpa_supplicant(14380): CTRL-EVENT-SCAN-RESULTS  Ready
D/WifiService( 1017): ACTION_BATTERY_CHANGED pluggedType: 2
D/Listen  ( 4847): battery state change: 2:90:2
D/Listen  ( 4847): startNextDownload isBlocked:true
I/wpa_supplicant(14380): CTRL-EVENT-SCAN-RESULTS  Ready
I/wpa_supplicant(14380): CTRL-EVENT-SCAN-RESULTS  Ready
I/wpa_supplicant(14380): CTRL-EVENT-SCAN-RESULTS  Ready
I/wpa_supplicant(14380): CTRL-EVENT-SCAN-RESULTS  Ready
I/wpa_supplicant(14380): CTRL-EVENT-SCAN-RESULTS  Ready
D/NetworkLocationProvider( 1017): updateWifIScanResults(): 3 APs
D/LocationMasfClient( 1017): getNetworkLocation(): Returning cache location with accuracy 75.0
D/libgps  ( 1017): GpsInterface_inject_location( 42.411003, -77.418143, 75.000 )
I/wpa_supplicant(14380): CTRL-EVENT-SCAN-RESULTS  Ready
D/dalvikvm( 1017): GC freed 42584 objects / 2087088 bytes in 185ms
D/WifiService( 1017): acquireWifiLockLocked: WifiLock{NetworkLocationProvider type=2 binder=android.os.Binder@448eb380}
D/NetworkLocationProvider( 1017): getLocation(): triggering a wifi scan
D/NetworkLocationProvider( 1017): onCellLocationChanged [4606,0,0,2058,7]
I/wpa_supplicant(14380): CTRL-EVENT-SCAN-RESULTS  Ready
D/WifiService( 1017): releaseWifiLockLocked: WifiLock{NetworkLocationProvider type=2 binder=android.os.Binder@448eb380}
I/wpa_supplicant(14380): CTRL-EVENT-SCAN-RESULTS  Ready
I/wpa_supplicant(14380): CTRL-EVENT-SCAN-RESULTS  Ready
I/wpa_supplicant(14380): CTRL-EVENT-SCAN-RESULTS  Ready
I/wpa_supplicant(14380): CTRL-EVENT-SCAN-RESULTS  Ready
D/WifiService( 1017): ACTION_BATTERY_CHANGED pluggedType: 2
D/Listen  ( 4847): battery state change: 2:90:2
D/Listen  ( 4847): startNextDownload isBlocked:true
I/wpa_supplicant(14380): CTRL-EVENT-SCAN-RESULTS  Ready
I/wpa_supplicant(14380): CTRL-EVENT-SCAN-RESULTS  Ready
D/NetworkLocationProvider( 1017): updateWifIScanResults(): 4 APs
D/LocationMasfClient( 1017): getNetworkLocation(): Returning cache location with accuracy 75.0
D/libgps  ( 1017): GpsInterface_inject_location( 42.411007, -77.418087, 75.000 )
I/wpa_supplicant(14380): CTRL-EVENT-SCAN-RESULTS  Ready
D/WifiService( 1017): acquireWifiLockLocked: WifiLock{NetworkLocationProvider type=2 binder=android.os.Binder@448eb380}
D/NetworkLocationProvider( 1017): getLocation(): triggering a wifi scan
D/NetworkLocationProvider( 1017): onCellLocationChanged [4606,0,0,2058,7]
I/wpa_supplicant(14380): CTRL-EVENT-SCAN-RESULTS  Ready
D/WifiService( 1017): releaseWifiLockLocked: WifiLock{NetworkLocationProvider type=2 binder=android.os.Binder@448eb380}
I/wpa_supplicant(14380): CTRL-EVENT-SCAN-RESULTS  Ready
I/wpa_supplicant(14380): CTRL-EVENT-SCAN-RESULTS  Ready
D/WeatherService( 1420): onStart:com.weather.WEATHER_SERVICE_GETDATA
D/WeatherService( 1420): dailyUpdate
D/WeatherService( 1420): getWeatherUpdate
D/WeatherService( 1420): updateWidgets:0
D/WeatherService( 1420): updateWidgets:0
D/WeatherService( 1420): updateWidgets:0
D/WeatherService( 1420): stopTracking
D/WeatherService( 1420): getCC: 14809,true,true,false
D/twcCurrentConditions( 1420): updateLoc:14809
D/twcCurrentConditions( 1420): Load:14809
D/twcCurrentConditions( 1420): LoadingSpawn:14809
D/AlarmManagerService( 1017): Kernel timezone updated to 240 minutes west of GMT
D/SystemClock( 1068): Setting time of day to sec=1274578660
I/ActivityManager( 1017): Start proc com.android.calendar for broadcast com.android.providers.calendar/.TimeChangeReceiver: pid=5000 uid=10036 gids={3003}
I/dalvikvm( 5000): Debugger thread not active, ignoring DDM send (t=0x41504e4d l=38)
I/dalvikvm( 5000): Debugger thread not active, ignoring DDM send (t=0x41504e4d l=44)
I/ActivityThread( 5000): Publishing provider calendar: com.android.providers.calendar.CalendarProvider
W/BackupManagerService( 1017): dataChanged but no participant pkg='com.android.providers.settings' uid=10017
D/dalvikvm( 1420): GC freed 7017 objects / 351136 bytes in 63ms
D/WeatherService( 1420): CCHANDLER14809
D/dalvikvm( 4953): GC freed 483 objects / 33568 bytes in 96ms
D/AlarmManagerService( 1017): Kernel timezone updated to 240 minutes west of GMT
I/wpa_supplicant(14380): CTRL-EVENT-SCAN-RESULTS  Ready
D/dalvikvm( 4913): GC freed 229 objects / 10792 bytes in 99ms
D/dalvikvm( 1420): GC freed 18011 objects / 866672 bytes in 100ms
I/wpa_supplicant(14380): CTRL-EVENT-SCAN-RESULTS  Ready
I/wpa_supplicant(14380): CTRL-EVENT-SCAN-RESULTS  Ready
I/wpa_supplicant(14380): CTRL-EVENT-SCAN-RESULTS  Ready
D/NetworkLocationProvider( 1017): updateWifIScanResults(): 5 APs
D/LocationMasfClient( 1017): getNetworkLocation(): Returning cache location with accuracy 75.0
D/libgps  ( 1017): GpsInterface_inject_location( 42.410993, -77.418066, 75.000 )
I/wpa_supplicant(14380): CTRL-EVENT-SCAN-RESULTS  Ready
D/WifiService( 1017): acquireWifiLockLocked: WifiLock{NetworkLocationProvider type=2 binder=android.os.Binder@448eb380}
D/NetworkLocationProvider( 1017): getLocation(): triggering a wifi scan
D/NetworkLocationProvider( 1017): onCellLocationChanged [4606,0,0,2058,7]
I/wpa_supplicant(14380): CTRL-EVENT-SCAN-RESULTS  Ready
D/WifiService( 1017): releaseWifiLockLocked: WifiLock{NetworkLocationProvider type=2 binder=android.os.Binder@448eb380}
D/WifiService( 1017): ACTION_BATTERY_CHANGED pluggedType: 2
D/Listen  ( 4847): battery state change: 2:90:2
D/Listen  ( 4847): startNextDownload isBlocked:true
I/wpa_supplicant(14380): CTRL-EVENT-SCAN-RESULTS  Ready
I/wpa_supplicant(14380): CTRL-EVENT-SCAN-RESULTS  Ready
I/wpa_supplicant(14380): CTRL-EVENT-SCAN-RESULTS  Ready
I/wpa_supplicant(14380): CTRL-EVENT-SCAN-RESULTS  Ready
I/wpa_supplicant(14380): CTRL-EVENT-SCAN-RESULTS  Ready
I/ActivityManager( 1017): Starting activity: Intent { cmp=net.wcjj.scharing/.DailyScheduleListActivity }
I/ActivityManager( 1017): Displayed activity net.wcjj.scharing/.DailyScheduleListActivity: 1254 ms (total 1254 ms)
I/wpa_supplicant(14380): CTRL-EVENT-SCAN-RESULTS  Ready
I/wpa_supplicant(14380): CTRL-EVENT-SCAN-RESULTS  Ready
D/NetworkLocationProvider( 1017): updateWifIScanResults(): 4 APs
D/LocationMasfClient( 1017): getNetworkLocation(): Returning cache location with accuracy 75.0
D/libgps  ( 1017): GpsInterface_inject_location( 42.410998, -77.418131, 75.000 )
D/WifiService( 1017): acquireWifiLockLocked: WifiLock{NetworkLocationProvider type=2 binder=android.os.Binder@448eb380}
D/NetworkLocationProvider( 1017): getLocation(): triggering a wifi scan
D/NetworkLocationProvider( 1017): onCellLocationChanged [4606,0,0,2058,7]
I/wpa_supplicant(14380): CTRL-EVENT-SCAN-RESULTS  Ready
D/WifiService( 1017): releaseWifiLockLocked: WifiLock{NetworkLocationProvider type=2 binder=android.os.Binder@448eb380}
I/wpa_supplicant(14380): CTRL-EVENT-SCAN-RESULTS  Ready
I/wpa_supplicant(14380): CTRL-EVENT-SCAN-RESULTS  Ready
I/wpa_supplicant(14380): CTRL-EVENT-SCAN-RESULTS  Ready
D/WifiService( 1017): ACTION_BATTERY_CHANGED pluggedType: 2
D/Listen  ( 4847): battery state change: 2:90:2
D/Listen  ( 4847): startNextDownload isBlocked:true
I/wpa_supplicant(14380): CTRL-EVENT-SCAN-RESULTS  Ready
I/wpa_supplicant(14380): CTRL-EVENT-SCAN-RESULTS  Ready
D/WeatherService( 1420): onStart:com.weather.WEATHER_SERVICE_GETDATA
D/WeatherService( 1420): dailyUpdate
D/WeatherService( 1420): getWeatherUpdate
D/WeatherService( 1420): updateWidgets:0
D/WeatherService( 1420): updateWidgets:0
D/WeatherService( 1420): updateWidgets:0
D/WeatherService( 1420): stopTracking
D/WeatherService( 1420): getCC: 14809,true,true,false
D/twcCurrentConditions( 1420): updateLoc:14809
D/twcCurrentConditions( 1420): no need to pull any data:14809
I/wpa_supplicant(14380): CTRL-EVENT-SCAN-RESULTS  Ready
D/dalvikvm( 1420): GC freed 208 objects / 10752 bytes in 98ms
I/wpa_supplicant(14380): CTRL-EVENT-SCAN-RESULTS  Ready
D/ConnectivityService( 1017): adding dns 66.174.95.44 for MOBILE
D/ConnectivityService( 1017): adding dns 66.174.92.14 for MOBILE
D/NetworkLocationProvider( 1017): updateWifIScanResults(): 5 APs
D/LocationMasfClient( 1017): getNetworkLocation(): Returning cache location with accuracy 75.0
D/libgps  ( 1017): GpsInterface_inject_location( 42.410993, -77.418092, 75.000 )
D/WifiService( 1017): acquireWifiLockLocked: WifiLock{NetworkLocationProvider type=2 binder=android.os.Binder@448eb380}
D/NetworkLocationProvider( 1017): getLocation(): triggering a wifi scan
D/NetworkLocationProvider( 1017): onCellLocationChanged [4606,0,0,2058,7]
I/wpa_supplicant(14380): CTRL-EVENT-SCAN-RESULTS  Ready
D/WifiService( 1017): releaseWifiLockLocked: WifiLock{NetworkLocationProvider type=2 binder=android.os.Binder@448eb380}
I/wpa_supplicant(14380): CTRL-EVENT-SCAN-RESULTS  Ready
I/wpa_supplicant(14380): CTRL-EVENT-SCAN-RESULTS  Ready
I/wpa_supplicant(14380): CTRL-EVENT-SCAN-RESULTS  Ready
D/ConnectivityService( 1017): adding dns 66.174.95.44 for MOBILE
D/ConnectivityService( 1017): adding dns 66.174.92.14 for MOBILE
I/ActivityManager( 1017): Process com.motorola.calendar (pid 4953) has died.
I/wpa_supplicant(14380): CTRL-EVENT-SCAN-RESULTS  Ready
I/wpa_supplicant(14380): CTRL-EVENT-SCAN-RESULTS  Ready
I/wpa_supplicant(14380): CTRL-EVENT-SCAN-RESULTS  Ready
I/wpa_supplicant(14380): CTRL-EVENT-SCAN-RESULTS  Ready
D/WifiService( 1017): acquireWifiLockLocked: WifiLock{NetworkLocationProvider type=2 binder=android.os.Binder@448eb380}
D/NetworkLocationProvider( 1017): getLocation(): triggering a wifi scan
D/NetworkLocationProvider( 1017): onCellLocationChanged [4606,0,0,2058,7]
D/WifiService( 1017): ACTION_BATTERY_CHANGED pluggedType: 2
D/Listen  ( 4847): battery state change: 2:90:2
D/Listen  ( 4847): startNextDownload isBlocked:true
I/wpa_supplicant(14380): CTRL-EVENT-SCAN-RESULTS  Ready
D/NetworkLocationProvider( 1017): updateWifIScanResults(): 4 APs
D/LocationMasfClient( 1017): getNetworkLocation(): Returning cache location with accuracy 75.0
D/libgps  ( 1017): GpsInterface_inject_location( 42.410998, -77.418131, 75.000 )
D/WifiService( 1017): releaseWifiLockLocked: WifiLock{NetworkLocationProvider type=2 binder=android.os.Binder@448eb380}
I/wpa_supplicant(14380): CTRL-EVENT-SCAN-RESULTS  Ready
I/wpa_supplicant(14380): CTRL-EVENT-SCAN-RESULTS  Ready
I/wpa_supplicant(14380): CTRL-EVENT-SCAN-RESULTS  Ready
I/wpa_supplicant(14380): CTRL-EVENT-SCAN-RESULTS  Ready
I/wpa_supplicant(14380): CTRL-EVENT-SCAN-RESULTS  Ready
D/dalvikvm( 1017): GC freed 43683 objects / 2070896 bytes in 199ms
I/wpa_supplicant(14380): CTRL-EVENT-SCAN-RESULTS  Ready
I/ActivityManager( 1017): Starting activity: Intent { cmp=net.wcjj.scharing/.DailyScheduleListActivity }
I/ActivityManager( 1017): Displayed activity net.wcjj.scharing/.DailyScheduleListActivity: 1259 ms (total 1259 ms)
I/wpa_supplicant(14380): CTRL-EVENT-SCAN-RESULTS  Ready
D/WifiService( 1017): acquireWifiLockLocked: WifiLock{NetworkLocationProvider type=2 binder=android.os.Binder@448eb380}
D/NetworkLocationProvider( 1017): getLocation(): triggering a wifi scan
D/NetworkLocationProvider( 1017): onCellLocationChanged [4606,0,0,2058,7]
I/wpa_supplicant(14380): CTRL-EVENT-SCAN-RESULTS  Ready
D/NetworkLocationProvider( 1017): updateWifIScanResults(): 4 APs
D/LocationMasfClient( 1017): getNetworkLocation(): Returning cache location with accuracy 75.0
D/libgps  ( 1017): GpsInterface_inject_location( 42.411002, -77.418076, 75.000 )
D/WifiService( 1017): releaseWifiLockLocked: WifiLock{NetworkLocationProvider type=2 binder=android.os.Binder@448eb380}
