I/wpa_supplicant(14380): CTRL-EVENT-SCAN-RESULTS  Ready
D/NetworkLocationProvider( 1017): updateWifIScanResults(): 4 APs
D/LocationMasfClient( 1017): getNetworkLocation(): Returning cache location with accuracy 75.0
D/libgps  ( 1017): GpsInterface_inject_location( 42.411007, -77.418087, 75.000 )
W/InputManagerService( 1017): Window already focused, ignoring focus gain of: com.android.internal.view.IInputMethodClient$Stub$Proxy@4493fbe8
W/InputManagerService( 1017): Window already focused, ignoring focus gain of: com.android.internal.view.IInputMethodClient$Stub$Proxy@448c8d80
W/InputManagerService( 1017): Window already focused, ignoring focus gain of: com.android.internal.view.IInputMethodClient$Stub$Proxy@44883e38
D/dalvikvm( 4825): GC freed 10931 objects / 478336 bytes in 62ms
W/InputManagerService( 1017): Window already focused, ignoring focus gain of: com.android.internal.view.IInputMethodClient$Stub$Proxy@447ec9c8
I/wpa_supplicant(14380): CTRL-EVENT-SCAN-RESULTS  Ready
D/dalvikvm( 1420): GC freed 18178 objects / 879824 bytes in 414ms
I/wpa_supplicant(14380): CTRL-EVENT-SCAN-RESULTS  Ready
D/dalvikvm( 1017): GC freed 10467 objects / 658584 bytes in 156ms
I/wpa_supplicant(14380): CTRL-EVENT-SCAN-RESULTS  Ready
W/InputManagerService( 1017): Window already focused, ignoring focus gain of: com.android.internal.view.IInputMethodClient$Stub$Proxy@44874d40
W/InputManagerService( 1017): Window already focused, ignoring focus gain of: com.android.internal.view.IInputMethodClient$Stub$Proxy@447ef808
W/InputManagerService( 1017): Window already focused, ignoring focus gain of: com.android.internal.view.IInputMethodClient$Stub$Proxy@447a94e0
I/ActivityManager( 1017): Starting activity: Intent { cmp=net.wcjj.scharing/.WeekViewDeleteUI }
I/ActivityManager( 1017): Displayed activity net.wcjj.scharing/.WeekViewDeleteUI: 709 ms (total 709 ms)
I/ActivityManager( 1017): Starting activity: Intent { cmp=net.wcjj.scharing/.DailyScheduleListActivity }
I/ActivityManager( 1017): Displayed activity net.wcjj.scharing/.DailyScheduleListActivity: 418 ms (total 418 ms)
W/KeyCharacterMap( 4825): Can't open keycharmap file
W/KeyCharacterMap( 4825): Error loading keycharmap file '/system/usr/keychars/qtouch-touchscreen.kcm.bin'. hw.keyboards.65538.devname='qtouch-touchscreen'
W/KeyCharacterMap( 4825): Using default keymap: /system/usr/keychars/qwerty.kcm.bin
I/wpa_supplicant(14380): CTRL-EVENT-SCAN-RESULTS  Ready
I/ActivityManager( 1017): Starting activity: Intent { cmp=net.wcjj.scharing/.DailyScheduleListActivity }
I/ActivityManager( 1017): Displayed activity net.wcjj.scharing/.DailyScheduleListActivity: 1324 ms (total 1324 ms)
D/dalvikvm( 4825): GC freed 9384 objects / 461928 bytes in 74ms
D/dalvikvm( 4825): GC freed 2022 objects / 94504 bytes in 58ms
D/dalvikvm( 4825): GC freed 883 objects / 39824 bytes in 59ms
W/KeyCharacterMap( 4825): Can't open keycharmap file
W/KeyCharacterMap( 4825): Error loading keycharmap file '/system/usr/keychars/qtouch-touchscreen.kcm.bin'. hw.keyboards.65538.devname='qtouch-touchscreen'
W/KeyCharacterMap( 4825): Using default keymap: /system/usr/keychars/qwerty.kcm.bin
I/ActivityManager( 1017): Process com.google.android.apps.listen:remote (pid 3976) has died.
W/ActivityManager( 1017): Scheduling restart of crashed service com.google.android.apps.listen/.ListenService in 5000ms
I/ActivityManager( 1017): Start proc com.google.android.apps.listen:remote for service com.google.android.apps.listen/.ListenService: pid=4847 uid=10101 gids={1015, 3003}
I/dalvikvm( 4847): Debugger thread not active, ignoring DDM send (t=0x41504e4d l=38)
I/dalvikvm( 4847): Debugger thread not active, ignoring DDM send (t=0x41504e4d l=78)
D/Listen  ( 4847): creating download service
I/ActivityManager( 1017): Process com.android.music (pid 3845) has died.
W/ActivityManager( 1017): Scheduling restart of crashed service com.android.music/.MediaPlaybackService in 5000ms
I/WindowManager( 1017): WIN DEATH: Window{44ab6c10 com.android.music/com.android.music.AlbumBrowserActivity paused=false}
I/WindowManager( 1017): WIN DEATH: Window{4474fb20 com.android.music/com.android.music.TrackBrowserActivity paused=false}
I/WindowManager( 1017): WIN DEATH: Window{44798d28 com.android.music/com.android.music.MediaPlaybackActivity paused=false}
I/ActivityManager( 1017): Start proc com.google.android.apps.listen for content provider com.google.android.apps.listen/.ListenProvider: pid=4852 uid=10101 gids={1015, 3003}
I/dalvikvm( 4852): Debugger thread not active, ignoring DDM send (t=0x41504e4d l=38)
D/dalvikvm(  986): GC freed 268 objects / 10216 bytes in 127ms
I/dalvikvm( 4852): Debugger thread not active, ignoring DDM send (t=0x41504e4d l=64)
D/TIOMX_CORE(  987): deinit count = 0
I/ActivityThread( 4852): Publishing provider com.google.android.apps.listen.SearchSuggestionProvider: com.google.android.apps.listen.SearchSuggestionProvider
I/ActivityThread( 4852): Publishing provider com.google.android.apps.listen.ListenProvider: com.google.android.apps.listen.ListenProvider
D/dalvikvm(  986): GC freed 42 objects / 1808 bytes in 305ms
D/dalvikvm(  986): GC freed 2 objects / 48 bytes in 105ms
D/Listen  ( 4847): cacheCheck orphan records:0 files:0 msecs:630
D/Listen  ( 4847): Deleting version 1 repository
D/Listen  ( 4847): deleteDownloads /sdcard/com.google.android.apps.listen.CacheDownloadService/com.google.android.apps.listen.cache.content
D/Listen  ( 4847): onStart autoDownloads:true chargingOnlyDownloads:false wifiOnlyDownloads:true storageCount:40
I/Listen  ( 4847): MediaQueuePlayer onCreate
D/Listen  ( 4847): battery state change: 2:60:2
D/Listen  ( 4847): startNextDownload isBlocked:true
E/Listen  ( 4847): wifiReceiver onReceive
D/Listen  ( 4847): startNextDownload isBlocked:true
I/ActivityManager( 1017): Process com.google.android.apps.listen (pid 4852) has died.
W/InputManagerService( 1017): Window already focused, ignoring focus gain of: com.android.internal.view.IInputMethodClient$Stub$Proxy@449ba588
I/wpa_supplicant(14380): CTRL-EVENT-SCAN-RESULTS  Ready
I/ActivityManager( 1017): Start proc com.android.music for service com.android.music/.MediaPlaybackService: pid=4862 uid=10030 gids={3003, 1015}
I/dalvikvm( 4862): Debugger thread not active, ignoring DDM send (t=0x41504e4d l=38)
I/dalvikvm( 4862): Debugger thread not active, ignoring DDM send (t=0x41504e4d l=38)
D/omx_interface(  987): TIOMXInterface: creating interface
D/omx_interface(  987): Calling DLOPEN on OMX_CORE_LIBRARY (libOMX_Core.so)
D/omx_interface(  987): DLOPEN SUCCEEDED (libOMX_Core.so)
D/omx_interface(  987): TIOMXInterface: library lookup success
D/TIOMX_CORE(  987): init count = 1
W/MediaPlayer( 4862): info/warning (1, 44)
D/MediaPlaybackService( 4862): restored queue, currently at position 160588/2553216 (requested 160588)
I/MediaPlayer( 4862): Info (1,44)
W/MediaPlayer( 4862): info/warning (1, 44)
I/MediaPlayer( 4862): Info (1,44)
I/wpa_supplicant(14380): CTRL-EVENT-SCAN-RESULTS  Ready
D/WifiService( 1017): ACTION_BATTERY_CHANGED pluggedType: 2
D/Listen  ( 4847): battery state change: 2:70:2
D/Listen  ( 4847): startNextDownload isBlocked:true
D/WifiService( 1017): acquireWifiLockLocked: WifiLock{NetworkLocationProvider type=2 binder=android.os.Binder@448eb380}
D/NetworkLocationProvider( 1017): getLocation(): triggering a wifi scan
D/NetworkLocationProvider( 1017): onCellLocationChanged [4606,0,0,2058,7]
I/wpa_supplicant(14380): CTRL-EVENT-SCAN-RESULTS  Ready
D/WifiService( 1017): releaseWifiLockLocked: WifiLock{NetworkLocationProvider type=2 binder=android.os.Binder@448eb380}
E/Listen  ( 4847): Running UpdateTask
I/ActivityManager( 1017): Start proc com.google.android.apps.listen for content provider com.google.android.apps.listen/.ListenProvider: pid=4873 uid=10101 gids={1015, 3003}
I/dalvikvm( 4873): Debugger thread not active, ignoring DDM send (t=0x41504e4d l=38)
I/dalvikvm( 4873): Debugger thread not active, ignoring DDM send (t=0x41504e4d l=64)
I/ActivityThread( 4873): Publishing provider com.google.android.apps.listen.SearchSuggestionProvider: com.google.android.apps.listen.SearchSuggestionProvider
I/ActivityThread( 4873): Publishing provider com.google.android.apps.listen.ListenProvider: com.google.android.apps.listen.ListenProvider
D/Listen  ( 4847): No reader changes to push to server
D/dalvikvm(31554): GC freed 357 objects / 12600 bytes in 124ms
I/wpa_supplicant(14380): CTRL-EVENT-SCAN-RESULTS  Ready
D/WifiService( 1017): ACTION_BATTERY_CHANGED pluggedType: 2
D/Listen  ( 4847): battery state change: 2:70:2
D/Listen  ( 4847): startNextDownload isBlocked:true
I/wpa_supplicant(14380): CTRL-EVENT-SCAN-RESULTS  Ready
D/NetworkLocationProvider( 1017): updateWifIScanResults(): 5 APs
D/LocationMasfClient( 1017): getNetworkLocation(): Returning cache location with accuracy 75.0
D/libgps  ( 1017): GpsInterface_inject_location( 42.411002, -77.418089, 75.000 )
D/TIOMX_CORE(  987): deinit count = 0
D/dalvikvm( 4862): GC freed 1059 objects / 103456 bytes in 139ms
I/wpa_supplicant(14380): CTRL-EVENT-SCAN-RESULTS  Ready
I/wpa_supplicant(14380): CTRL-EVENT-SCAN-RESULTS  Ready
D/dalvikvm( 1017): GC freed 15944 objects / 775944 bytes in 179ms
D/AlarmManagerService( 1017): Kernel timezone updated to 240 minutes west of GMT
I/wpa_supplicant(14380): CTRL-EVENT-SCAN-RESULTS  Ready
D/AlarmManagerService( 1017): Kernel timezone updated to 240 minutes west of GMT
D/WeatherService( 1420): onStart:com.weather.WEATHER_SERVICE_GETDATA
D/WeatherService( 1420): dailyUpdate
D/WeatherService( 1420): getWeatherUpdate
D/WeatherService( 1420): updateWidgets:0
D/WeatherService( 1420): updateWidgets:0
D/WeatherService( 1420): updateWidgets:0
D/WeatherService( 1420): stopTracking
D/WeatherService( 1420): getCC: 14809,true,true,false
D/twcCurrentConditions( 1420): updateLoc:14809
D/twcCurrentConditions( 1420): no need to pull any data:14809
I/wpa_supplicant(14380): CTRL-EVENT-SCAN-RESULTS  Ready
D/dalvikvm( 1420): GC freed 209 objects / 10744 bytes in 131ms
I/wpa_supplicant(14380): CTRL-EVENT-SCAN-RESULTS  Ready
D/WifiService( 1017): acquireWifiLockLocked: WifiLock{NetworkLocationProvider type=2 binder=android.os.Binder@448eb380}
D/NetworkLocationProvider( 1017): getLocation(): triggering a wifi scan
D/NetworkLocationProvider( 1017): onCellLocationChanged [4606,0,0,2058,7]
I/wpa_supplicant(14380): CTRL-EVENT-SCAN-RESULTS  Ready
D/WifiService( 1017): releaseWifiLockLocked: WifiLock{NetworkLocationProvider type=2 binder=android.os.Binder@448eb380}
I/wpa_supplicant(14380): CTRL-EVENT-SCAN-RESULTS  Ready
I/wpa_supplicant(14380): CTRL-EVENT-SCAN-RESULTS  Ready
D/NetworkLocationProvider( 1017): updateWifIScanResults(): 7 APs
D/LocationMasfClient( 1017): getNetworkLocation(): Returning cache location with accuracy 75.0
D/libgps  ( 1017): GpsInterface_inject_location( 42.410994, -77.418058, 75.000 )
I/wpa_supplicant(14380): CTRL-EVENT-SCAN-RESULTS  Ready
D/Listen  ( 4847): battery state change: 2:70:2
D/Listen  ( 4847): startNextDownload isBlocked:true
D/WifiService( 1017): ACTION_BATTERY_CHANGED pluggedType: 2
D/dalvikvm(14512): GC freed 1339 objects / 53192 bytes in 205ms
I/wpa_supplicant(14380): CTRL-EVENT-SCAN-RESULTS  Ready
I/wpa_supplicant(14380): CTRL-EVENT-SCAN-RESULTS  Ready
I/wpa_supplicant(14380): CTRL-EVENT-SCAN-RESULTS  Ready
I/wpa_supplicant(14380): CTRL-EVENT-SCAN-RESULTS  Ready
D/WifiService( 1017): acquireWifiLockLocked: WifiLock{NetworkLocationProvider type=2 binder=android.os.Binder@448eb380}
D/NetworkLocationProvider( 1017): getLocation(): triggering a wifi scan
D/NetworkLocationProvider( 1017): onCellLocationChanged [4606,0,0,2058,7]
I/wpa_supplicant(14380): CTRL-EVENT-SCAN-RESULTS  Ready
D/WifiService( 1017): releaseWifiLockLocked: WifiLock{NetworkLocationProvider type=2 binder=android.os.Binder@448eb380}
I/wpa_supplicant(14380): CTRL-EVENT-SCAN-RESULTS  Ready
I/wpa_supplicant(14380): CTRL-EVENT-SCAN-RESULTS  Ready
D/NetworkLocationProvider( 1017): updateWifIScanResults(): 7 APs
D/LocationMasfClient( 1017): getNetworkLocation(): Returning cache location with accuracy 75.0
D/libgps  ( 1017): GpsInterface_inject_location( 42.410994, -77.418058, 75.000 )
I/wpa_supplicant(14380): CTRL-EVENT-SCAN-RESULTS  Ready
I/ActivityManager( 1017): Starting activity: Intent { cmp=net.wcjj.scharing/.DailyScheduleListActivity }
I/ActivityManager( 1017): Displayed activity net.wcjj.scharing/.DailyScheduleListActivity: 398 ms (total 398 ms)
D/dalvikvm( 1017): GC freed 20653 objects / 963880 bytes in 185ms
I/ActivityManager( 1017): Starting activity: Intent { cmp=net.wcjj.scharing/.DailyScheduleListActivity }
I/ActivityManager( 1017): Displayed activity net.wcjj.scharing/.DailyScheduleListActivity: 1279 ms (total 1279 ms)
D/dalvikvm( 4825): GC freed 1463 objects / 77016 bytes in 228ms
I/ActivityManager( 1017): Process com.android.music (pid 4862) has died.
D/dalvikvm( 4825): GC freed 186 objects / 6848 bytes in 217ms
W/KeyCharacterMap( 4825): Can't open keycharmap file
W/KeyCharacterMap( 4825): Error loading keycharmap file '/system/usr/keychars/qtouch-touchscreen.kcm.bin'. hw.keyboards.65538.devname='qtouch-touchscreen'
W/KeyCharacterMap( 4825): Using default keymap: /system/usr/keychars/qwerty.kcm.bin
I/wpa_supplicant(14380): CTRL-EVENT-SCAN-RESULTS  Ready
I/wpa_supplicant(14380): CTRL-EVENT-SCAN-RESULTS  Ready
D/ConnectivityService( 1017): adding dns 66.174.95.44 for MOBILE
D/ConnectivityService( 1017): adding dns 66.174.92.14 for MOBILE
I/wpa_supplicant(14380): CTRL-EVENT-SCAN-RESULTS  Ready
I/wpa_supplicant(14380): CTRL-EVENT-SCAN-RESULTS  Ready
D/WifiService( 1017): ACTION_BATTERY_CHANGED pluggedType: 2
D/Listen  ( 4847): battery state change: 2:70:2
D/Listen  ( 4847): startNextDownload isBlocked:true
D/WifiService( 1017): acquireWifiLockLocked: WifiLock{NetworkLocationProvider type=2 binder=android.os.Binder@448eb380}
D/NetworkLocationProvider( 1017): getLocation(): triggering a wifi scan
D/NetworkLocationProvider( 1017): onCellLocationChanged [4606,0,0,2058,7]
I/wpa_supplicant(14380): CTRL-EVENT-SCAN-RESULTS  Ready
D/WifiService( 1017): releaseWifiLockLocked: WifiLock{NetworkLocationProvider type=2 binder=android.os.Binder@448eb380}
I/wpa_supplicant(14380): CTRL-EVENT-SCAN-RESULTS  Ready
I/wpa_supplicant(14380): CTRL-EVENT-SCAN-RESULTS  Ready
D/NetworkLocationProvider( 1017): updateWifIScanResults(): 7 APs
D/LocationMasfClient( 1017): getNetworkLocation(): Returning cache location with accuracy 75.0
D/libgps  ( 1017): GpsInterface_inject_location( 42.410994, -77.418058, 75.000 )
D/WeatherService( 1420): onStart:com.weather.WEATHER_SERVICE_GETDATA
D/WeatherService( 1420): dailyUpdate
D/WeatherService( 1420): getWeatherUpdate
D/WeatherService( 1420): updateWidgets:0
D/WeatherService( 1420): updateWidgets:0
D/WeatherService( 1420): updateWidgets:0
D/WeatherService( 1420): stopTracking
D/WeatherService( 1420): getCC: 14809,true,true,false
D/twcCurrentConditions( 1420): updateLoc:14809
D/twcCurrentConditions( 1420): Load:14809
D/twcCurrentConditions( 1420): LoadingSpawn:14809
D/AlarmManagerService( 1017): Kernel timezone updated to 240 minutes west of GMT
D/dalvikvm( 1420): GC freed 6700 objects / 343960 bytes in 54ms
D/WeatherService( 1420): CCHANDLER14809
D/dalvikvm( 1017): GC freed 18390 objects / 844600 bytes in 183ms
D/AlarmManagerService( 1017): Kernel timezone updated to 240 minutes west of GMT
I/wpa_supplicant(14380): CTRL-EVENT-SCAN-RESULTS  Ready
D/dalvikvm( 1420): GC freed 18341 objects / 895512 bytes in 126ms
I/wpa_supplicant(14380): CTRL-EVENT-SCAN-RESULTS  Ready
I/wpa_supplicant(14380): CTRL-EVENT-SCAN-RESULTS  Ready
I/wpa_supplicant(14380): CTRL-EVENT-SCAN-RESULTS  Ready
I/wpa_supplicant(14380): CTRL-EVENT-SCAN-RESULTS  Ready
D/WifiService( 1017): acquireWifiLockLocked: WifiLock{NetworkLocationProvider type=2 binder=android.os.Binder@448eb380}
D/NetworkLocationProvider( 1017): getLocation(): triggering a wifi scan
D/NetworkLocationProvider( 1017): onCellLocationChanged [4606,0,0,2058,7]
I/wpa_supplicant(14380): CTRL-EVENT-SCAN-RESULTS  Ready
D/WifiService( 1017): releaseWifiLockLocked: WifiLock{NetworkLocationProvider type=2 binder=android.os.Binder@448eb380}
I/wpa_supplicant(14380): CTRL-EVENT-SCAN-RESULTS  Ready
I/wpa_supplicant(14380): CTRL-EVENT-SCAN-RESULTS  Ready
D/NetworkLocationProvider( 1017): updateWifIScanResults(): 7 APs
D/LocationMasfClient( 1017): getNetworkLocation(): Returning cache location with accuracy 75.0
D/libgps  ( 1017): GpsInterface_inject_location( 42.410994, -77.418058, 75.000 )
I/ActivityManager( 1017): Starting activity: Intent { cmp=net.wcjj.scharing/.DailyScheduleListActivity }
I/ActivityManager( 1017): Displayed activity net.wcjj.scharing/.DailyScheduleListActivity: 1285 ms (total 1285 ms)
I/wpa_supplicant(14380): CTRL-EVENT-SCAN-RESULTS  Ready
D/Listen  ( 4847): battery state change: 2:70:2
D/WifiService( 1017): ACTION_BATTERY_CHANGED pluggedType: 2
D/Listen  ( 4847): startNextDownload isBlocked:true
D/dalvikvm(14512): GC freed 1592 objects / 49744 bytes in 166ms
I/wpa_supplicant(14380): CTRL-EVENT-SCAN-RESULTS  Ready
I/wpa_supplicant(14380): CTRL-EVENT-SCAN-RESULTS  Ready
I/wpa_supplicant(14380): CTRL-EVENT-SCAN-RESULTS  Ready
I/wpa_supplicant(14380): CTRL-EVENT-SCAN-RESULTS  Ready
D/WifiService( 1017): acquireWifiLockLocked: WifiLock{NetworkLocationProvider type=2 binder=android.os.Binder@448eb380}
D/NetworkLocationProvider( 1017): getLocation(): triggering a wifi scan
D/NetworkLocationProvider( 1017): onCellLocationChanged [4606,0,0,2058,7]
I/wpa_supplicant(14380): CTRL-EVENT-SCAN-RESULTS  Ready
D/WifiService( 1017): releaseWifiLockLocked: WifiLock{NetworkLocationProvider type=2 binder=android.os.Binder@448eb380}
I/wpa_supplicant(14380): CTRL-EVENT-SCAN-RESULTS  Ready
I/wpa_supplicant(14380): CTRL-EVENT-SCAN-RESULTS  Ready
D/NetworkLocationProvider( 1017): updateWifIScanResults(): 5 APs
D/ConnectivityService( 1017): adding dns 66.174.95.44 for MOBILE
D/ConnectivityService( 1017): adding dns 66.174.92.14 for MOBILE
D/LocationMasfClient( 1017): getNetworkLocation(): Returning cache location with accuracy 75.0
D/libgps  ( 1017): GpsInterface_inject_location( 42.410984, -77.418069, 75.000 )
I/wpa_supplicant(14380): CTRL-EVENT-SCAN-RESULTS  Ready
D/dalvikvm( 1017): GC freed 22332 objects / 1029696 bytes in 166ms
D/AlarmManagerService( 1017): Kernel timezone updated to 240 minutes west of GMT
D/SystemClock( 1068): Setting time of day to sec=1274575315
I/ActivityManager( 1017): Start proc com.android.calendar for broadcast com.android.providers.calendar/.TimeChangeReceiver: pid=4893 uid=10036 gids={3003}
I/dalvikvm( 4893): Debugger thread not active, ignoring DDM send (t=0x41504e4d l=38)
I/dalvikvm( 4893): Debugger thread not active, ignoring DDM send (t=0x41504e4d l=44)
I/ActivityThread( 4893): Publishing provider calendar: com.android.providers.calendar.CalendarProvider
I/ActivityManager( 1017): Start proc com.motorola.calendar for broadcast com.motorola.calendar/.AlertReceiver: pid=4904 uid=10027 gids={3003}
I/dalvikvm( 4904): Debugger thread not active, ignoring DDM send (t=0x41504e4d l=38)
I/dalvikvm( 4904): Debugger thread not active, ignoring DDM send (t=0x41504e4d l=46)
I/ActivityManager( 1017): Process android.process.media (pid 31554) has died.
I/ActivityThread( 4904): Publishing provider com.motorola.motosync.provider.AccountContentProvider: com.motorola.motosync.provider.AccountContentProvider
I/ActivityThread( 4904): Publishing provider calendarEx: com.motorola.providers.calendar.CalendarProvider
I/MOTOSYNC( 4904): App onCreate()
I/ActivityManager( 1017): Start proc com.android.alarmclock for broadcast com.android.alarmclock/.AlarmInitReceiver: pid=4913 uid=10017 gids={}
I/dalvikvm( 4913): Debugger thread not active, ignoring DDM send (t=0x41504e4d l=38)
I/dalvikvm( 4913): Debugger thread not active, ignoring DDM send (t=0x41504e4d l=48)
I/ActivityThread( 4913): Publishing provider com.android.alarmclock: com.android.alarmclock.AlarmProvider
W/BackupManagerService( 1017): dataChanged but no participant pkg='com.android.providers.settings' uid=10017
D/dalvikvm(27818): GC freed 835 objects / 26768 bytes in 112ms
D/AlarmManagerService( 1017): Kernel timezone updated to 240 minutes west of GMT
D/dalvikvm( 1017): GC freed 12743 objects / 579408 bytes in 157ms
I/wpa_supplicant(14380): CTRL-EVENT-SCAN-RESULTS  Ready
I/wpa_supplicant(14380): CTRL-EVENT-SCAN-RESULTS  Ready
D/WeatherService( 1420): onStart:com.weather.WEATHER_SERVICE_GETDATA
D/WeatherService( 1420): dailyUpdate
D/WeatherService( 1420): getWeatherUpdate
D/WeatherService( 1420): updateWidgets:0
D/WeatherService( 1420): updateWidgets:0
D/WeatherService( 1420): updateWidgets:0
D/WeatherService( 1420): stopTracking
D/WeatherService( 1420): getCC: 14809,true,true,false
D/twcCurrentConditions( 1420): updateLoc:14809
D/twcCurrentConditions( 1420): no need to pull any data:14809
I/wpa_supplicant(14380): CTRL-EVENT-SCAN-RESULTS  Ready
D/dalvikvm( 1420): GC freed 209 objects / 10784 bytes in 141ms
I/wpa_supplicant(14380): CTRL-EVENT-SCAN-RESULTS  Ready
W/ActivityManager( 1017): Unable to start service Intent { act=com.motorola.motosync.service.intent.action.CHECK_PING flg=0x4 cmp=com.motorola.motosync/.service.EasService (has extras) }: not found
D/WifiService( 1017): ACTION_BATTERY_CHANGED pluggedType: 2
D/Listen  ( 4847): battery state change: 2:70:2
D/Listen  ( 4847): startNextDownload isBlocked:true
D/WifiService( 1017): acquireWifiLockLocked: WifiLock{NetworkLocationProvider type=2 binder=android.os.Binder@448eb380}
D/NetworkLocationProvider( 1017): getLocation(): triggering a wifi scan
D/NetworkLocationProvider( 1017): onCellLocationChanged [4606,0,0,2058,7]
I/wpa_supplicant(14380): CTRL-EVENT-SCAN-RESULTS  Ready
D/WifiService( 1017): releaseWifiLockLocked: WifiLock{NetworkLocationProvider type=2 binder=android.os.Binder@448eb380}
I/wpa_supplicant(14380): CTRL-EVENT-SCAN-RESULTS  Ready
D/AlarmManagerService( 1017): Kernel timezone updated to 240 minutes west of GMT
D/AlarmManagerService( 1017): Kernel timezone updated to 240 minutes west of GMT
I/wpa_supplicant(14380): CTRL-EVENT-SCAN-RESULTS  Ready
D/NetworkLocationProvider( 1017): updateWifIScanResults(): 3 APs
D/LocationMasfClient( 1017): getNetworkLocation(): Returning cache location with accuracy 75.0
D/libgps  ( 1017): GpsInterface_inject_location( 42.411003, -77.418143, 75.000 )
I/wpa_supplicant(14380): CTRL-EVENT-SCAN-RESULTS  Ready
I/wpa_supplicant(14380): CTRL-EVENT-SCAN-RESULTS  Ready
I/wpa_supplicant(14380): CTRL-EVENT-SCAN-RESULTS  Ready
I/wpa_supplicant(14380): CTRL-EVENT-SCAN-RESULTS  Ready
I/wpa_supplicant(14380): CTRL-EVENT-SCAN-RESULTS  Ready
D/WifiService( 1017): acquireWifiLockLocked: WifiLock{NetworkLocationProvider type=2 binder=android.os.Binder@448eb380}
D/NetworkLocationProvider( 1017): getLocation(): triggering a wifi scan
D/NetworkLocationProvider( 1017): onCellLocationChanged [4606,0,0,2058,7]
I/wpa_supplicant(14380): CTRL-EVENT-SCAN-RESULTS  Ready
D/WifiService( 1017): releaseWifiLockLocked: WifiLock{NetworkLocationProvider type=2 binder=android.os.Binder@448eb380}
I/wpa_supplicant(14380): CTRL-EVENT-SCAN-RESULTS  Ready
I/wpa_supplicant(14380): CTRL-EVENT-SCAN-RESULTS  Ready
D/NetworkLocationProvider( 1017): updateWifIScanResults(): 3 APs
D/LocationMasfClient( 1017): getNetworkLocation(): Returning cache location with accuracy 75.0
D/libgps  ( 1017): GpsInterface_inject_location( 42.411003, -77.418143, 75.000 )
I/wpa_supplicant(14380): CTRL-EVENT-SCAN-RESULTS  Ready
D/Listen  ( 4847): battery state change: 2:70:2
D/WifiService( 1017): ACTION_BATTERY_CHANGED pluggedType: 2
D/Listen  ( 4847): startNextDownload isBlocked:true
I/wpa_supplicant(14380): CTRL-EVENT-SCAN-RESULTS  Ready
I/wpa_supplicant(14380): CTRL-EVENT-SCAN-RESULTS  Ready
I/wpa_supplicant(14380): CTRL-EVENT-SCAN-RESULTS  Ready
I/wpa_supplicant(14380): CTRL-EVENT-SCAN-RESULTS  Ready
D/WifiService( 1017): acquireWifiLockLocked: WifiLock{NetworkLocationProvider type=2 binder=android.os.Binder@448eb380}
D/NetworkLocationProvider( 1017): getLocation(): triggering a wifi scan
D/NetworkLocationProvider( 1017): onCellLocationChanged [4606,0,0,2058,7]
I/wpa_supplicant(14380): CTRL-EVENT-SCAN-RESULTS  Ready
D/WifiService( 1017): releaseWifiLockLocked: WifiLock{NetworkLocationProvider type=2 binder=android.os.Binder@448eb380}
I/wpa_supplicant(14380): CTRL-EVENT-SCAN-RESULTS  Ready
I/wpa_supplicant(14380): CTRL-EVENT-SCAN-RESULTS  Ready
D/NetworkLocationProvider( 1017): updateWifIScanResults(): 4 APs
D/LocationMasfClient( 1017): getNetworkLocation(): Returning cache location with accuracy 75.0
D/libgps  ( 1017): GpsInterface_inject_location( 42.410987, -77.418102, 75.000 )
D/WeatherService( 1420): onStart:com.weather.WEATHER_SERVICE_GETDATA
D/WeatherService( 1420): dailyUpdate
D/WeatherService( 1420): getWeatherUpdate
D/WeatherService( 1420): updateWidgets:0
D/WeatherService( 1420): updateWidgets:0
D/WeatherService( 1420): updateWidgets:0
D/WeatherService( 1420): stopTracking
D/WeatherService( 1420): getCC: 14809,true,true,false
D/twcCurrentConditions( 1420): updateLoc:14809
D/twcCurrentConditions( 1420): Load:14809
D/twcCurrentConditions( 1420): LoadingSpawn:14809
I/ActivityManager( 1017): Process com.android.calendar (pid 4893) has died.
D/AlarmManagerService( 1017): Kernel timezone updated to 240 minutes west of GMT
D/dalvikvm( 1420): GC freed 6695 objects / 343912 bytes in 51ms
D/WeatherService( 1420): CCHANDLER14809
D/AlarmManagerService( 1017): Kernel timezone updated to 240 minutes west of GMT
I/wpa_supplicant(14380): CTRL-EVENT-SCAN-RESULTS  Ready
D/dalvikvm( 1420): GC freed 18334 objects / 895088 bytes in 109ms
D/dalvikvm( 1017): GC freed 29744 objects / 1375336 bytes in 165ms
D/dalvikvm(14512): GC freed 2033 objects / 63912 bytes in 176ms
I/wpa_supplicant(14380): CTRL-EVENT-SCAN-RESULTS  Ready
I/wpa_supplicant(14380): CTRL-EVENT-SCAN-RESULTS  Ready
I/wpa_supplicant(14380): CTRL-EVENT-SCAN-RESULTS  Ready
I/wpa_supplicant(14380): CTRL-EVENT-SCAN-RESULTS  Ready
D/WifiService( 1017): ACTION_BATTERY_CHANGED pluggedType: 2
D/Listen  ( 4847): battery state change: 2:70:2
D/Listen  ( 4847): startNextDownload isBlocked:true
D/WifiService( 1017): acquireWifiLockLocked: WifiLock{NetworkLocationProvider type=2 binder=android.os.Binder@448eb380}
D/NetworkLocationProvider( 1017): getLocation(): triggering a wifi scan
D/NetworkLocationProvider( 1017): onCellLocationChanged [4606,0,0,2058,7]
I/wpa_supplicant(14380): CTRL-EVENT-SCAN-RESULTS  Ready
D/WifiService( 1017): releaseWifiLockLocked: WifiLock{NetworkLocationProvider type=2 binder=android.os.Binder@448eb380}
I/wpa_supplicant(14380): CTRL-EVENT-SCAN-RESULTS  Ready
I/wpa_supplicant(14380): CTRL-EVENT-SCAN-RESULTS  Ready
D/NetworkLocationProvider( 1017): updateWifIScanResults(): 3 APs
D/LocationMasfClient( 1017): getNetworkLocation(): Returning cache location with accuracy 75.0
D/libgps  ( 1017): GpsInterface_inject_location( 42.411003, -77.418143, 75.000 )
I/wpa_supplicant(14380): CTRL-EVENT-SCAN-RESULTS  Ready
D/dalvikvm( 1017): GC freed 12813 objects / 596200 bytes in 179ms
I/wpa_supplicant(14380): CTRL-EVENT-SCAN-RESULTS  Ready
I/wpa_supplicant(14380): CTRL-EVENT-SCAN-RESULTS  Ready
I/wpa_supplicant(14380): CTRL-EVENT-SCAN-RESULTS  Ready
I/wpa_supplicant(14380): CTRL-EVENT-SCAN-RESULTS  Ready
D/WifiService( 1017): acquireWifiLockLocked: WifiLock{NetworkLocationProvider type=2 binder=android.os.Binder@448eb380}
D/NetworkLocationProvider( 1017): getLocation(): triggering a wifi scan
D/NetworkLocationProvider( 1017): onCellLocationChanged [4606,0,0,2058,7]
I/wpa_supplicant(14380): CTRL-EVENT-SCAN-RESULTS  Ready
D/WifiService( 1017): releaseWifiLockLocked: WifiLock{NetworkLocationProvider type=2 binder=android.os.Binder@448eb380}
I/wpa_supplicant(14380): CTRL-EVENT-SCAN-RESULTS  Ready
I/wpa_supplicant(14380): CTRL-EVENT-SCAN-RESULTS  Ready
D/NetworkLocationProvider( 1017): updateWifIScanResults(): 4 APs
D/LocationMasfClient( 1017): getNetworkLocation(): Returning cache location with accuracy 75.0
D/libgps  ( 1017): GpsInterface_inject_location( 42.410987, -77.418102, 75.000 )
I/wpa_supplicant(14380): CTRL-EVENT-SCAN-RESULTS  Ready
D/WifiService( 1017): ACTION_BATTERY_CHANGED pluggedType: 2
D/Listen  ( 4847): battery state change: 2:70:2
D/Listen  ( 4847): startNextDownload isBlocked:true
D/AlarmManagerService( 1017): Kernel timezone updated to 240 minutes west of GMT
D/SystemClock( 1068): Setting time of day to sec=1274575925
I/ActivityManager( 1017): Start proc com.android.calendar for broadcast com.android.providers.calendar/.TimeChangeReceiver: pid=4929 uid=10036 gids={3003}
I/dalvikvm( 4929): Debugger thread not active, ignoring DDM send (t=0x41504e4d l=38)
I/dalvikvm( 4929): Debugger thread not active, ignoring DDM send (t=0x41504e4d l=44)
I/ActivityThread( 4929): Publishing provider calendar: com.android.providers.calendar.CalendarProvider
W/BackupManagerService( 1017): dataChanged but no participant pkg='com.android.providers.settings' uid=10017
D/dalvikvm( 1017): GC freed 14058 objects / 641424 bytes in 199ms
I/wpa_supplicant(14380): CTRL-EVENT-SCAN-RESULTS  Ready
D/AlarmManagerService( 1017): Kernel timezone updated to 240 minutes west of GMT
D/dalvikvm( 4904): GC freed 2255 objects / 160256 bytes in 127ms
I/wpa_supplicant(14380): CTRL-EVENT-SCAN-RESULTS  Ready
D/dalvikvm( 4913): GC freed 1352 objects / 91320 bytes in 113ms
D/WeatherService( 1420): onStart:com.weather.WEATHER_SERVICE_GETDATA
D/WeatherService( 1420): dailyUpdate
D/WeatherService( 1420): getWeatherUpdate
D/WeatherService( 1420): updateWidgets:0
D/WeatherService( 1420): updateWidgets:0
D/WeatherService( 1420): updateWidgets:0
D/WeatherService( 1420): stopTracking
D/WeatherService( 1420): getCC: 14809,true,true,false
D/twcCurrentConditions( 1420): updateLoc:14809
D/twcCurrentConditions( 1420): no need to pull any data:14809
I/wpa_supplicant(14380): CTRL-EVENT-SCAN-RESULTS  Ready
D/dalvikvm( 1420): GC freed 208 objects / 10768 bytes in 103ms
I/wpa_supplicant(14380): CTRL-EVENT-SCAN-RESULTS  Ready
D/WifiService( 1017): acquireWifiLockLocked: WifiLock{NetworkLocationProvider type=2 binder=android.os.Binder@448eb380}
D/NetworkLocationProvider( 1017): getLocation(): triggering a wifi scan
D/NetworkLocationProvider( 1017): onCellLocationChanged [4606,0,0,2058,7]
I/wpa_supplicant(14380): CTRL-EVENT-SCAN-RESULTS  Ready
D/WifiService( 1017): releaseWifiLockLocked: WifiLock{NetworkLocationProvider type=2 binder=android.os.Binder@448eb380}
I/wpa_supplicant(14380): CTRL-EVENT-SCAN-RESULTS  Ready
I/wpa_supplicant(14380): CTRL-EVENT-SCAN-RESULTS  Ready
D/NetworkLocationProvider( 1017): updateWifIScanResults(): 3 APs
D/LocationMasfClient( 1017): getNetworkLocation(): Returning cache location with accuracy 75.0
D/libgps  ( 1017): GpsInterface_inject_location( 42.411003, -77.418143, 75.000 )
I/wpa_supplicant(14380): CTRL-EVENT-SCAN-RESULTS  Ready
D/dalvikvm(14512): GC freed 2145 objects / 67744 bytes in 213ms
D/dalvikvm(27818): GC freed 1742 objects / 53464 bytes in 71ms
I/wpa_supplicant(14380): CTRL-EVENT-SCAN-RESULTS  Ready
I/wpa_supplicant(14380): CTRL-EVENT-SCAN-RESULTS  Ready
I/wpa_supplicant(14380): CTRL-EVENT-SCAN-RESULTS  Ready
D/Listen  ( 4847): battery state change: 2:70:2
D/WifiService( 1017): ACTION_BATTERY_CHANGED pluggedType: 2
D/Listen  ( 4847): startNextDownload isBlocked:true
I/wpa_supplicant(14380): CTRL-EVENT-SCAN-RESULTS  Ready
D/ConnectivityService( 1017): adding dns 66.174.95.44 for MOBILE
D/ConnectivityService( 1017): adding dns 66.174.92.14 for MOBILE
I/ActivityManager( 1017): Process com.motorola.calendar (pid 4904) has died.
D/WifiService( 1017): acquireWifiLockLocked: WifiLock{NetworkLocationProvider type=2 binder=android.os.Binder@448eb380}
D/NetworkLocationProvider( 1017): getLocation(): triggering a wifi scan
D/NetworkLocationProvider( 1017): onCellLocationChanged [4606,0,0,2058,7]
I/wpa_supplicant(14380): CTRL-EVENT-SCAN-RESULTS  Ready
D/WifiService( 1017): releaseWifiLockLocked: WifiLock{NetworkLocationProvider type=2 binder=android.os.Binder@448eb380}
I/wpa_supplicant(14380): CTRL-EVENT-SCAN-RESULTS  Ready
I/wpa_supplicant(14380): CTRL-EVENT-SCAN-RESULTS  Ready
D/NetworkLocationProvider( 1017): updateWifIScanResults(): 4 APs
D/LocationMasfClient( 1017): getNetworkLocation(): Returning cache location with accuracy 75.0
D/libgps  ( 1017): GpsInterface_inject_location( 42.410987, -77.418102, 75.000 )
D/AlarmManagerService( 1017): Kernel timezone updated to 240 minutes west of GMT
I/wpa_supplicant(14380): CTRL-EVENT-SCAN-RESULTS  Ready
D/ConnectivityService( 1017): adding dns 66.174.95.44 for MOBILE
D/ConnectivityService( 1017): adding dns 66.174.92.14 for MOBILE
D/AlarmManagerService( 1017): Kernel timezone updated to 240 minutes west of GMT
I/wpa_supplicant(14380): CTRL-EVENT-SCAN-RESULTS  Ready
I/wpa_supplicant(14380): CTRL-EVENT-SCAN-RESULTS  Ready
I/wpa_supplicant(14380): CTRL-EVENT-SCAN-RESULTS  Ready
I/wpa_supplicant(14380): CTRL-EVENT-SCAN-RESULTS  Ready
D/WifiService( 1017): acquireWifiLockLocked: WifiLock{NetworkLocationProvider type=2 binder=android.os.Binder@448eb380}
D/NetworkLocationProvider( 1017): getLocation(): triggering a wifi scan
D/NetworkLocationProvider( 1017): onCellLocationChanged [4606,0,0,2058,7]
I/wpa_supplicant(14380): CTRL-EVENT-SCAN-RESULTS  Ready
D/WifiService( 1017): releaseWifiLockLocked: WifiLock{NetworkLocationProvider type=2 binder=android.os.Binder@448eb380}
I/wpa_supplicant(14380): CTRL-EVENT-SCAN-RESULTS  Ready
I/wpa_supplicant(14380): CTRL-EVENT-SCAN-RESULTS  Ready
D/NetworkLocationProvider( 1017): updateWifIScanResults(): 4 APs
D/LocationMasfClient( 1017): getNetworkLocation(): Returning cache location with accuracy 75.0
D/libgps  ( 1017): GpsInterface_inject_location( 42.410996, -77.418091, 75.000 )
D/WeatherService( 1420): onStart:com.weather.WEATHER_SERVICE_GETDATA
D/WeatherService( 1420): dailyUpdate
D/WeatherService( 1420): getWeatherUpdate
D/WeatherService( 1420): updateWidgets:0
D/WeatherService( 1420): updateWidgets:0
D/WeatherService( 1420): updateWidgets:0
D/WeatherService( 1420): stopTracking
D/WeatherService( 1420): getCC: 14809,true,true,false
D/twcCurrentConditions( 1420): updateLoc:14809
D/twcCurrentConditions( 1420): Load:14809
D/twcCurrentConditions( 1420): LoadingSpawn:14809
D/AlarmManagerService( 1017): Kernel timezone updated to 240 minutes west of GMT
D/dalvikvm( 1420): GC freed 6870 objects / 351608 bytes in 52ms
D/WeatherService( 1420): CCHANDLER14809
D/AlarmManagerService( 1017): Kernel timezone updated to 240 minutes west of GMT
D/dalvikvm( 1068): GC freed 39525 objects / 1862280 bytes in 120ms
I/wpa_supplicant(14380): CTRL-EVENT-SCAN-RESULTS  Ready
D/dalvikvm( 1420): GC freed 18173 objects / 879296 bytes in 188ms
D/Listen  ( 4847): battery state change: 2:70:2
D/WifiService( 1017): ACTION_BATTERY_CHANGED pluggedType: 2
D/Listen  ( 4847): startNextDownload isBlocked:true
I/wpa_supplicant(14380): CTRL-EVENT-SCAN-RESULTS  Ready
I/wpa_supplicant(14380): CTRL-EVENT-SCAN-RESULTS  Ready
I/wpa_supplicant(14380): CTRL-EVENT-SCAN-RESULTS  Ready
I/wpa_supplicant(14380): CTRL-EVENT-SCAN-RESULTS  Ready
D/WifiService( 1017): acquireWifiLockLocked: WifiLock{NetworkLocationProvider type=2 binder=android.os.Binder@448eb380}
D/NetworkLocationProvider( 1017): getLocation(): triggering a wifi scan
D/NetworkLocationProvider( 1017): onCellLocationChanged [4606,0,0,2058,7]
I/wpa_supplicant(14380): CTRL-EVENT-SCAN-RESULTS  Ready
D/WifiService( 1017): releaseWifiLockLocked: WifiLock{NetworkLocationProvider type=2 binder=android.os.Binder@448eb380}
D/dalvikvm( 4835): GC freed 2100 objects / 127000 bytes in 96ms
I/wpa_supplicant(14380): CTRL-EVENT-SCAN-RESULTS  Ready
I/wpa_supplicant(14380): CTRL-EVENT-SCAN-RESULTS  Ready
D/NetworkLocationProvider( 1017): updateWifIScanResults(): 5 APs
D/LocationMasfClient( 1017): getNetworkLocation(): Returning cache location with accuracy 75.0
D/libgps  ( 1017): GpsInterface_inject_location( 42.410984, -77.418069, 75.000 )
I/wpa_supplicant(14380): CTRL-EVENT-SCAN-RESULTS  Ready
I/wpa_supplicant(14380): CTRL-EVENT-SCAN-RESULTS  Ready
I/wpa_supplicant(14380): CTRL-EVENT-SCAN-RESULTS  Ready
I/wpa_supplicant(14380): CTRL-EVENT-SCAN-RESULTS  Ready
D/Listen  ( 4847): battery state change: 2:80:2
D/WifiService( 1017): ACTION_BATTERY_CHANGED pluggedType: 2
D/Listen  ( 4847): startNextDownload isBlocked:true
I/wpa_supplicant(14380): CTRL-EVENT-SCAN-RESULTS  Ready
D/WifiService( 1017): acquireWifiLockLocked: WifiLock{NetworkLocationProvider type=2 binder=android.os.Binder@448eb380}
D/NetworkLocationProvider( 1017): getLocation(): triggering a wifi scan
D/NetworkLocationProvider( 1017): onCellLocationChanged [4606,0,0,2058,7]
I/wpa_supplicant(14380): CTRL-EVENT-SCAN-RESULTS  Ready
D/WifiService( 1017): releaseWifiLockLocked: WifiLock{NetworkLocationProvider type=2 binder=android.os.Binder@448eb380}
D/dalvikvm( 4847): GC freed 4594 objects / 256000 bytes in 98ms
I/wpa_supplicant(14380): CTRL-EVENT-SCAN-RESULTS  Ready
I/wpa_supplicant(14380): CTRL-EVENT-SCAN-RESULTS  Ready
D/NetworkLocationProvider( 1017): updateWifIScanResults(): 3 APs
D/LocationMasfClient( 1017): getNetworkLocation(): Returning cache location with accuracy 75.0
D/libgps  ( 1017): GpsInterface_inject_location( 42.411003, -77.418143, 75.000 )
I/wpa_supplicant(14380): CTRL-EVENT-SCAN-RESULTS  Ready
D/dalvikvm( 1017): GC freed 39134 objects / 1880576 bytes in 238ms
I/wpa_supplicant(14380): CTRL-EVENT-SCAN-RESULTS  Ready
I/wpa_supplicant(14380): CTRL-EVENT-SCAN-RESULTS  Ready
D/WeatherService( 1420): onStart:com.weather.WEATHER_SERVICE_GETDATA
D/WeatherService( 1420): dailyUpdate
D/WeatherService( 1420): getWeatherUpdate
D/WeatherService( 1420): updateWidgets:0
D/WeatherService( 1420): updateWidgets:0
D/WeatherService( 1420): updateWidgets:0
D/WeatherService( 1420): stopTracking
D/WeatherService( 1420): getCC: 14809,true,true,false
D/twcCurrentConditions( 1420): updateLoc:14809
D/twcCurrentConditions( 1420): no need to pull any data:14809
I/wpa_supplicant(14380): CTRL-EVENT-SCAN-RESULTS  Ready
D/dalvikvm( 1420): GC freed 208 objects / 10768 bytes in 80ms
I/wpa_supplicant(14380): CTRL-EVENT-SCAN-RESULTS  Ready
D/WifiService( 1017): acquireWifiLockLocked: WifiLock{NetworkLocationProvider type=2 binder=android.os.Binder@448eb380}
D/NetworkLocationProvider( 1017): getLocation(): triggering a wifi scan
D/NetworkLocationProvider( 1017): onCellLocationChanged [4606,0,0,2058,7]
I/wpa_supplicant(14380): CTRL-EVENT-SCAN-RESULTS  Ready
D/WifiService( 1017): releaseWifiLockLocked: WifiLock{NetworkLocationProvider type=2 binder=android.os.Binder@448eb380}
I/wpa_supplicant(14380): CTRL-EVENT-SCAN-RESULTS  Ready
D/AlarmManagerService( 1017): Kernel timezone updated to 240 minutes west of GMT
D/SystemClock( 1068): Setting time of day to sec=1274576600
I/ActivityManager( 1017): Start proc com.motorola.calendar for broadcast com.motorola.calendar/.AlertReceiver: pid=4953 uid=10027 gids={3003}
I/dalvikvm( 4953): Debugger thread not active, ignoring DDM send (t=0x41504e4d l=38)
I/dalvikvm( 4953): Debugger thread not active, ignoring DDM send (t=0x41504e4d l=46)
I/ActivityThread( 4953): Publishing provider com.motorola.motosync.provider.AccountContentProvider: com.motorola.motosync.provider.AccountContentProvider
I/ActivityThread( 4953): Publishing provider calendarEx: com.motorola.providers.calendar.CalendarProvider
I/MOTOSYNC( 4953): App onCreate()
W/BackupManagerService( 1017): dataChanged but no participant pkg='com.android.providers.settings' uid=10017
D/AlarmManagerService( 1017): Kernel timezone updated to 240 minutes west of GMT
D/dalvikvm( 4929): GC freed 3682 objects / 240112 bytes in 121ms
D/dalvikvm( 4913): GC freed 378 objects / 24448 bytes in 93ms
I/wpa_supplicant(14380): CTRL-EVENT-SCAN-RESULTS  Ready
D/NetworkLocationProvider( 1017): updateWifIScanResults(): 4 APs
D/LocationMasfClient( 1017): getNetworkLocation(): Returning cache location with accuracy 75.0
D/libgps  ( 1017): GpsInterface_inject_location( 42.410996, -77.418091, 75.000 )
D/WifiService( 1017): ACTION_BATTERY_CHANGED pluggedType: 2
D/Listen  ( 4847): battery state change: 2:80:2
D/Listen  ( 4847): startNextDownload isBlocked:true
I/wpa_supplicant(14380): CTRL-EVENT-SCAN-RESULTS  Ready
I/wpa_supplicant(14380): CTRL-EVENT-SCAN-RESULTS  Ready
W/ActivityManager( 1017): Unable to start service Intent { act=com.motorola.motosync.service.intent.action.CHECK_PING flg=0x4 cmp=com.motorola.motosync/.service.EasService (has extras) }: not found
I/wpa_supplicant(14380): CTRL-EVENT-SCAN-RESULTS  Ready
I/wpa_supplicant(14380): CTRL-EVENT-SCAN-RESULTS  Ready
I/wpa_supplicant(14380): CTRL-EVENT-SCAN-RESULTS  Ready
D/WifiService( 1017): acquireWifiLockLocked: WifiLock{NetworkLocationProvider type=2 binder=android.os.Binder@448eb380}
D/NetworkLocationProvider( 1017): getLocation(): triggering a wifi scan
D/NetworkLocationProvider( 1017): onCellLocationChanged [4606,0,0,2058,7]
I/wpa_supplicant(14380): CTRL-EVENT-SCAN-RESULTS  Ready
D/WifiService( 1017): releaseWifiLockLocked: WifiLock{NetworkLocationProvider type=2 binder=android.os.Binder@448eb380}
I/wpa_supplicant(14380): CTRL-EVENT-SCAN-RESULTS  Ready
I/wpa_supplicant(14380): CTRL-EVENT-SCAN-RESULTS  Ready
I/wpa_supplicant(14380): CTRL-EVENT-SCAN-RESULTS  Ready
D/NetworkLocationProvider( 1017): updateWifIScanResults(): 5 APs
D/LocationMasfClient( 1017): getNetworkLocation(): Returning cache location with accuracy 75.0
D/libgps  ( 1017): GpsInterface_inject_location( 42.410984, -77.418069, 75.000 )
I/wpa_supplicant(14380): CTRL-EVENT-SCAN-RESULTS  Ready
I/wpa_supplicant(14380): CTRL-EVENT-SCAN-RESULTS  Ready
I/wpa_supplicant(14380): CTRL-EVENT-SCAN-RESULTS  Ready
D/WifiService( 1017): ACTION_BATTERY_CHANGED pluggedType: 2
D/Listen  ( 4847): battery state change: 2:80:2
D/Listen  ( 4847): startNextDownload isBlocked:true
I/wpa_supplicant(14380): CTRL-EVENT-SCAN-RESULTS  Ready
D/WifiService( 1017): acquireWifiLockLocked: WifiLock{NetworkLocationProvider type=2 binder=android.os.Binder@448eb380}
D/NetworkLocationProvider( 1017): getLocation(): triggering a wifi scan
D/NetworkLocationProvider( 1017): onCellLocationChanged [4606,0,0,2058,7]
I/wpa_supplicant(14380): CTRL-EVENT-SCAN-RESULTS  Ready
D/WifiService( 1017): releaseWifiLockLocked: WifiLock{NetworkLocationProvider type=2 binder=android.os.Binder@448eb380}
I/wpa_supplicant(14380): CTRL-EVENT-SCAN-RESULTS  Ready
I/wpa_supplicant(14380): CTRL-EVENT-SCAN-RESULTS  Ready
D/WeatherService( 1420): onStart:com.weather.WEATHER_SERVICE_GETDATA
D/WeatherService( 1420): dailyUpdate
D/WeatherService( 1420): getWeatherUpdate
D/WeatherService( 1420): updateWidgets:0
D/WeatherService( 1420): updateWidgets:0
D/WeatherService( 1420): updateWidgets:0
D/WeatherService( 1420): stopTracking
D/WeatherService( 1420): getCC: 14809,true,true,false
D/twcCurrentConditions( 1420): updateLoc:14809
D/twcCurrentConditions( 1420): Load:14809
D/twcCurrentConditions( 1420): LoadingSpawn:14809
D/AlarmManagerService( 1017): Kernel timezone updated to 240 minutes west of GMT
D/dalvikvm( 1420): GC freed 6965 objects / 348528 bytes in 55ms
D/WeatherService( 1420): CCHANDLER14809
D/AlarmManagerService( 1017): Kernel timezone updated to 240 minutes west of GMT
I/wpa_supplicant(14380): CTRL-EVENT-SCAN-RESULTS  Ready
D/NetworkLocationProvider( 1017): updateWifIScanResults(): 4 APs
D/LocationMasfClient( 1017): getNetworkLocation(): Returning cache location with accuracy 75.0
D/libgps  ( 1017): GpsInterface_inject_location( 42.410987, -77.418102, 75.000 )
D/dalvikvm( 1420): GC freed 18074 objects / 878128 bytes in 107ms
I/wpa_supplicant(14380): CTRL-EVENT-SCAN-RESULTS  Ready
I/wpa_supplicant(14380): CTRL-EVENT-SCAN-RESULTS  Ready
I/wpa_supplicant(14380): CTRL-EVENT-SCAN-RESULTS  Ready
I/wpa_supplicant(14380): CTRL-EVENT-SCAN-RESULTS  Ready
D/WifiService( 1017): acquireWifiLockLocked: WifiLock{NetworkLocationProvider type=2 binder=android.os.Binder@448eb380}
D/NetworkLocationProvider( 1017): getLocation(): triggering a wifi scan
D/NetworkLocationProvider( 1017): onCellLocationChanged [4606,0,0,2058,7]
I/wpa_supplicant(14380): CTRL-EVENT-SCAN-RESULTS  Ready
D/WifiService( 1017): releaseWifiLockLocked: WifiLock{NetworkLocationProvider type=2 binder=android.os.Binder@448eb380}
I/wpa_supplicant(14380): CTRL-EVENT-SCAN-RESULTS  Ready
I/wpa_supplicant(14380): CTRL-EVENT-SCAN-RESULTS  Ready
D/WifiService( 1017): ACTION_BATTERY_CHANGED pluggedType: 2
D/Listen  ( 4847): battery state change: 2:80:2
D/Listen  ( 4847): startNextDownload isBlocked:true
I/wpa_supplicant(14380): CTRL-EVENT-SCAN-RESULTS  Ready
D/NetworkLocationProvider( 1017): updateWifIScanResults(): 4 APs
D/LocationMasfClient( 1017): getNetworkLocation(): Returning cache location with accuracy 75.0
D/libgps  ( 1017): GpsInterface_inject_location( 42.410987, -77.418102, 75.000 )
I/wpa_supplicant(14380): CTRL-EVENT-SCAN-RESULTS  Ready
I/wpa_supplicant(14380): CTRL-EVENT-SCAN-RESULTS  Ready
I/wpa_supplicant(14380): CTRL-EVENT-SCAN-RESULTS  Ready
D/ConnectivityService( 1017): adding dns 66.174.95.44 for MOBILE
D/ConnectivityService( 1017): adding dns 66.174.92.14 for MOBILE
I/wpa_supplicant(14380): CTRL-EVENT-SCAN-RESULTS  Ready
D/WifiService( 1017): acquireWifiLockLocked: WifiLock{NetworkLocationProvider type=2 binder=android.os.Binder@448eb380}
D/NetworkLocationProvider( 1017): getLocation(): triggering a wifi scan
D/NetworkLocationProvider( 1017): onCellLocationChanged [4606,0,0,2058,7]
I/wpa_supplicant(14380): CTRL-EVENT-SCAN-RESULTS  Ready
D/WifiService( 1017): releaseWifiLockLocked: WifiLock{NetworkLocationProvider type=2 binder=android.os.Binder@448eb380}
I/wpa_supplicant(14380): CTRL-EVENT-SCAN-RESULTS  Ready
I/wpa_supplicant(14380): CTRL-EVENT-SCAN-RESULTS  Ready
I/wpa_supplicant(14380): CTRL-EVENT-SCAN-RESULTS  Ready
I/wpa_supplicant(14380): CTRL-EVENT-SCAN-RESULTS  Ready
D/NetworkLocationProvider( 1017): updateWifIScanResults(): 4 APs
D/LocationMasfClient( 1017): getNetworkLocation(): Returning cache location with accuracy 75.0
D/libgps  ( 1017): GpsInterface_inject_location( 42.410987, -77.418102, 75.000 )
I/wpa_supplicant(14380): CTRL-EVENT-SCAN-RESULTS  Ready
D/ConnectivityService( 1017): adding dns 66.174.95.44 for MOBILE
D/ConnectivityService( 1017): adding dns 66.174.92.14 for MOBILE
D/AlarmManagerService( 1017): Kernel timezone updated to 240 minutes west of GMT
D/WifiService( 1017): ACTION_BATTERY_CHANGED pluggedType: 2
D/Listen  ( 4847): battery state change: 2:80:2
D/Listen  ( 4847): startNextDownload isBlocked:true
D/WeatherService( 1420): onStart:com.weather.WEATHER_SERVICE_GETDATA
D/WeatherService( 1420): dailyUpdate
D/WeatherService( 1420): getWeatherUpdate
D/WeatherService( 1420): updateWidgets:0
D/WeatherService( 1420): updateWidgets:0
D/WeatherService( 1420): updateWidgets:0
D/WeatherService( 1420): stopTracking
D/WeatherService( 1420): getCC: 14809,true,true,false
D/twcCurrentConditions( 1420): updateLoc:14809
D/twcCurrentConditions( 1420): no need to pull any data:14809
I/wpa_supplicant(14380): CTRL-EVENT-SCAN-RESULTS  Ready
D/AlarmManagerService( 1017): Kernel timezone updated to 240 minutes west of GMT
D/dalvikvm( 1420): GC freed 208 objects / 10728 bytes in 89ms
I/wpa_supplicant(14380): CTRL-EVENT-SCAN-RESULTS  Ready
D/WifiService( 1017): acquireWifiLockLocked: WifiLock{NetworkLocationProvider type=2 binder=android.os.Binder@448eb380}
D/NetworkLocationProvider( 1017): getLocation(): triggering a wifi scan
D/NetworkLocationProvider( 1017): onCellLocationChanged [4606,0,0,2058,7]
I/wpa_supplicant(14380): CTRL-EVENT-SCAN-RESULTS  Ready
D/WifiService( 1017): releaseWifiLockLocked: WifiLock{NetworkLocationProvider type=2 binder=android.os.Binder@448eb380}
D/dalvikvm( 1017): GC freed 50014 objects / 2318152 bytes in 197ms
I/wpa_supplicant(14380): CTRL-EVENT-SCAN-RESULTS  Ready
I/wpa_supplicant(14380): CTRL-EVENT-SCAN-RESULTS  Ready
I/wpa_supplicant(14380): CTRL-EVENT-SCAN-RESULTS  Ready
D/AlarmManagerService( 1017): Kernel timezone updated to 240 minutes west of GMT
D/SystemClock( 1068): Setting time of day to sec=1274577246
W/BackupManagerService( 1017): dataChanged but no participant pkg='com.android.providers.settings' uid=10017
I/wpa_supplicant(14380): CTRL-EVENT-SCAN-RESULTS  Ready
D/AlarmManagerService( 1017): Kernel timezone updated to 240 minutes west of GMT
D/dalvikvm( 4953): GC freed 2326 objects / 163008 bytes in 113ms
I/wpa_supplicant(14380): CTRL-EVENT-SCAN-RESULTS  Ready
D/NetworkLocationProvider( 1017): updateWifIScanResults(): 5 APs
D/LocationMasfClient( 1017): getNetworkLocation(): Returning cache location with accuracy 75.0
D/libgps  ( 1017): GpsInterface_inject_location( 42.410993, -77.418092, 75.000 )
D/dalvikvm( 4929): GC freed 1642 objects / 92800 bytes in 106ms
D/dalvikvm( 4913): GC freed 224 objects / 10752 bytes in 100ms
I/wpa_supplicant(14380): CTRL-EVENT-SCAN-RESULTS  Ready
I/wpa_supplicant(14380): CTRL-EVENT-SCAN-RESULTS  Ready
D/WifiService( 1017): acquireWifiLockLocked: WifiLock{NetworkLocationProvider type=2 binder=android.os.Binder@448eb380}
D/NetworkLocationProvider( 1017): getLocation(): triggering a wifi scan
D/NetworkLocationProvider( 1017): onCellLocationChanged [4606,0,0,2058,7]
I/wpa_supplicant(14380): CTRL-EVENT-SCAN-RESULTS  Ready
D/WifiService( 1017): releaseWifiLockLocked: WifiLock{NetworkLocationProvider type=2 binder=android.os.Binder@448eb380}
I/wpa_supplicant(14380): CTRL-EVENT-SCAN-RESULTS  Ready
I/wpa_supplicant(14380): CTRL-EVENT-SCAN-RESULTS  Ready
D/WifiService( 1017): ACTION_BATTERY_CHANGED pluggedType: 2
D/Listen  ( 4847): battery state change: 2:80:2
D/Listen  ( 4847): startNextDownload isBlocked:true
I/wpa_supplicant(14380): CTRL-EVENT-SCAN-RESULTS  Ready
I/wpa_supplicant(14380): CTRL-EVENT-SCAN-RESULTS  Ready
I/wpa_supplicant(14380): CTRL-EVENT-SCAN-RESULTS  Ready
D/NetworkLocationProvider( 1017): updateWifIScanResults(): 3 APs
D/LocationMasfClient( 1017): getNetworkLocation(): Returning cache location with accuracy 75.0
D/libgps  ( 1017): GpsInterface_inject_location( 42.411003, -77.418143, 75.000 )
I/wpa_supplicant(14380): CTRL-EVENT-SCAN-RESULTS  Ready
