V/WifiStateTracker( 1017): Changing supplicant state: DORMANT ==> SCANNING
D/NetworkStateTracker( 1017): setDetailed state, old =IDLE and new state=SCANNING
D/ConnectivityService( 1017): Dropping ConnectivityChange for WIFI: DISCONNECTED/SCANNING
I/wpa_supplicant(14380): CTRL-EVENT-SCAN-RESULTS  Ready
D/NetworkLocationProvider( 1017): updateWifIScanResults(): 6 APs
D/LocationMasfClient( 1017): getNetworkLocation(): Returning cache location with accuracy 75.0
D/libgps  ( 1017): GpsInterface_inject_location( 42.411001, -77.418045, 75.000 )
D/WifiService( 1017): releaseWifiLockLocked: WifiLock{NetworkLocationProvider type=2 binder=android.os.Binder@448eb380}
I/wpa_supplicant(14380): CTRL-EVENT-STATE-CHANGE id=-1 state=8
V/WifiMonitor( 1017): Event [CTRL-EVENT-STATE-CHANGE id=-1 state=8]
V/WifiStateTracker( 1017): Changing supplicant state: SCANNING ==> DORMANT
D/WifiStateTracker( 1017): Deconfiguring interface and stopping DHCP
D/NetworkStateTracker( 1017): setDetailed state, old =SCANNING and new state=IDLE
I/wpa_supplicant(14380): CTRL-EVENT-DRIVER-STATE STOPPED
D/ConnectivityService( 1017): Dropping ConnectivityChange for WIFI: DISCONNECTED/IDLE
V/WifiMonitor( 1017): Event [CTRL-EVENT-DRIVER-STATE STOPPED]
D/WifiService( 1017): acquireWifiLockLocked: WifiLock{NetworkLocationProvider type=2 binder=android.os.Binder@448eb380}
D/NetworkLocationProvider( 1017): getLocation(): triggering a wifi scan
D/NetworkLocationProvider( 1017): onCellLocationChanged [4606,0,0,2058,7]
I/wpa_supplicant(14380): CTRL-EVENT-DRIVER-STATE STARTED
V/WifiMonitor( 1017): Event [CTRL-EVENT-DRIVER-STATE STARTED]
I/wpa_supplicant(14380): CTRL-EVENT-STATE-CHANGE id=-1 state=2
V/WifiMonitor( 1017): Event [CTRL-EVENT-STATE-CHANGE id=-1 state=2]
V/WifiStateTracker( 1017): Changing supplicant state: DORMANT ==> SCANNING
D/NetworkStateTracker( 1017): setDetailed state, old =IDLE and new state=SCANNING
D/ConnectivityService( 1017): Dropping ConnectivityChange for WIFI: DISCONNECTED/SCANNING
I/wpa_supplicant(14380): CTRL-EVENT-SCAN-RESULTS  Ready
D/NetworkLocationProvider( 1017): updateWifIScanResults(): 7 APs
D/LocationMasfClient( 1017): getNetworkLocation(): Returning cache location with accuracy 75.0
D/libgps  ( 1017): GpsInterface_inject_location( 42.410992, -77.418035, 75.000 )
D/WifiService( 1017): releaseWifiLockLocked: WifiLock{NetworkLocationProvider type=2 binder=android.os.Binder@448eb380}
I/wpa_supplicant(14380): CTRL-EVENT-STATE-CHANGE id=-1 state=8
V/WifiMonitor( 1017): Event [CTRL-EVENT-STATE-CHANGE id=-1 state=8]
V/WifiStateTracker( 1017): Changing supplicant state: SCANNING ==> DORMANT
D/WifiStateTracker( 1017): Deconfiguring interface and stopping DHCP
D/NetworkStateTracker( 1017): setDetailed state, old =SCANNING and new state=IDLE
I/wpa_supplicant(14380): CTRL-EVENT-DRIVER-STATE STOPPED
D/ConnectivityService( 1017): Dropping ConnectivityChange for WIFI: DISCONNECTED/IDLE
V/WifiMonitor( 1017): Event [CTRL-EVENT-DRIVER-STATE STOPPED]
D/WifiService( 1017): acquireWifiLockLocked: WifiLock{NetworkLocationProvider type=2 binder=android.os.Binder@448eb380}
D/NetworkLocationProvider( 1017): getLocation(): triggering a wifi scan
D/NetworkLocationProvider( 1017): onCellLocationChanged [4606,0,0,2058,7]
I/wpa_supplicant(14380): CTRL-EVENT-DRIVER-STATE STARTED
V/WifiMonitor( 1017): Event [CTRL-EVENT-DRIVER-STATE STARTED]
I/wpa_supplicant(14380): CTRL-EVENT-STATE-CHANGE id=-1 state=2
V/WifiMonitor( 1017): Event [CTRL-EVENT-STATE-CHANGE id=-1 state=2]
V/WifiStateTracker( 1017): Changing supplicant state: DORMANT ==> SCANNING
D/NetworkStateTracker( 1017): setDetailed state, old =IDLE and new state=SCANNING
D/ConnectivityService( 1017): Dropping ConnectivityChange for WIFI: DISCONNECTED/SCANNING
I/wpa_supplicant(14380): CTRL-EVENT-SCAN-RESULTS  Ready
D/NetworkLocationProvider( 1017): updateWifIScanResults(): 7 APs
D/LocationMasfClient( 1017): getNetworkLocation(): Returning cache location with accuracy 75.0
D/libgps  ( 1017): GpsInterface_inject_location( 42.410992, -77.418035, 75.000 )
D/WifiService( 1017): releaseWifiLockLocked: WifiLock{NetworkLocationProvider type=2 binder=android.os.Binder@448eb380}
I/wpa_supplicant(14380): CTRL-EVENT-STATE-CHANGE id=-1 state=8
V/WifiMonitor( 1017): Event [CTRL-EVENT-STATE-CHANGE id=-1 state=8]
V/WifiStateTracker( 1017): Changing supplicant state: SCANNING ==> DORMANT
D/WifiStateTracker( 1017): Deconfiguring interface and stopping DHCP
D/NetworkStateTracker( 1017): setDetailed state, old =SCANNING and new state=IDLE
I/wpa_supplicant(14380): CTRL-EVENT-DRIVER-STATE STOPPED
D/ConnectivityService( 1017): Dropping ConnectivityChange for WIFI: DISCONNECTED/IDLE
V/WifiMonitor( 1017): Event [CTRL-EVENT-DRIVER-STATE STOPPED]
D/WifiService( 1017): acquireWifiLockLocked: WifiLock{NetworkLocationProvider type=2 binder=android.os.Binder@448eb380}
D/NetworkLocationProvider( 1017): getLocation(): triggering a wifi scan
D/NetworkLocationProvider( 1017): onCellLocationChanged [4606,0,0,2058,7]
I/wpa_supplicant(14380): CTRL-EVENT-DRIVER-STATE STARTED
V/WifiMonitor( 1017): Event [CTRL-EVENT-DRIVER-STATE STARTED]
I/wpa_supplicant(14380): CTRL-EVENT-STATE-CHANGE id=-1 state=2
V/WifiMonitor( 1017): Event [CTRL-EVENT-STATE-CHANGE id=-1 state=2]
V/WifiStateTracker( 1017): Changing supplicant state: DORMANT ==> SCANNING
D/NetworkStateTracker( 1017): setDetailed state, old =IDLE and new state=SCANNING
D/ConnectivityService( 1017): Dropping ConnectivityChange for WIFI: DISCONNECTED/SCANNING
I/wpa_supplicant(14380): CTRL-EVENT-SCAN-RESULTS  Ready
D/ConnectivityService( 1017): adding dns 66.174.95.44 for MOBILE
D/ConnectivityService( 1017): adding dns 66.174.92.14 for MOBILE
D/NetworkLocationProvider( 1017): updateWifIScanResults(): 8 APs
D/LocationMasfClient( 1017): getNetworkLocation(): Returning cache location with accuracy 75.0
D/libgps  ( 1017): GpsInterface_inject_location( 42.410991, -77.418043, 75.000 )
D/WifiService( 1017): releaseWifiLockLocked: WifiLock{NetworkLocationProvider type=2 binder=android.os.Binder@448eb380}
I/wpa_supplicant(14380): CTRL-EVENT-STATE-CHANGE id=-1 state=8
V/WifiMonitor( 1017): Event [CTRL-EVENT-STATE-CHANGE id=-1 state=8]
D/ConnectivityService( 1017): adding dns 66.174.95.44 for MOBILE
D/ConnectivityService( 1017): adding dns 66.174.92.14 for MOBILE
V/WifiStateTracker( 1017): Changing supplicant state: SCANNING ==> DORMANT
D/WifiStateTracker( 1017): Deconfiguring interface and stopping DHCP
D/NetworkStateTracker( 1017): setDetailed state, old =SCANNING and new state=IDLE
I/wpa_supplicant(14380): CTRL-EVENT-DRIVER-STATE STOPPED
D/ConnectivityService( 1017): Dropping ConnectivityChange for WIFI: DISCONNECTED/IDLE
V/WifiMonitor( 1017): Event [CTRL-EVENT-DRIVER-STATE STOPPED]
D/WifiService( 1017): acquireWifiLockLocked: WifiLock{NetworkLocationProvider type=2 binder=android.os.Binder@448eb380}
D/NetworkLocationProvider( 1017): getLocation(): triggering a wifi scan
D/NetworkLocationProvider( 1017): onCellLocationChanged [4606,0,0,2058,7]
I/wpa_supplicant(14380): CTRL-EVENT-DRIVER-STATE STARTED
V/WifiMonitor( 1017): Event [CTRL-EVENT-DRIVER-STATE STARTED]
I/wpa_supplicant(14380): CTRL-EVENT-STATE-CHANGE id=-1 state=2
V/WifiMonitor( 1017): Event [CTRL-EVENT-STATE-CHANGE id=-1 state=2]
V/WifiStateTracker( 1017): Changing supplicant state: DORMANT ==> SCANNING
D/NetworkStateTracker( 1017): setDetailed state, old =IDLE and new state=SCANNING
D/ConnectivityService( 1017): Dropping ConnectivityChange for WIFI: DISCONNECTED/SCANNING
I/wpa_supplicant(14380): CTRL-EVENT-SCAN-RESULTS  Ready
D/NetworkLocationProvider( 1017): updateWifIScanResults(): 8 APs
D/LocationMasfClient( 1017): getNetworkLocation(): Returning cache location with accuracy 75.0
D/libgps  ( 1017): GpsInterface_inject_location( 42.410991, -77.418043, 75.000 )
D/WifiService( 1017): releaseWifiLockLocked: WifiLock{NetworkLocationProvider type=2 binder=android.os.Binder@448eb380}
I/wpa_supplicant(14380): CTRL-EVENT-STATE-CHANGE id=-1 state=8
V/WifiMonitor( 1017): Event [CTRL-EVENT-STATE-CHANGE id=-1 state=8]
V/WifiStateTracker( 1017): Changing supplicant state: SCANNING ==> DORMANT
D/WifiStateTracker( 1017): Deconfiguring interface and stopping DHCP
D/NetworkStateTracker( 1017): setDetailed state, old =SCANNING and new state=IDLE
I/wpa_supplicant(14380): CTRL-EVENT-DRIVER-STATE STOPPED
D/ConnectivityService( 1017): Dropping ConnectivityChange for WIFI: DISCONNECTED/IDLE
V/WifiMonitor( 1017): Event [CTRL-EVENT-DRIVER-STATE STOPPED]
D/dalvikvm( 3918): GC freed 278 objects / 11944 bytes in 100ms
I/ActivityManager( 1017): Start proc com.biggu.shopsavvy:remote for service com.biggu.shopsavvy/.androidservice.locationpinger.LocationPinger: pid=4677 uid=10040 gids={1006, 3003, 1015}
D/WifiService( 1017): acquireWifiLockLocked: WifiLock{NetworkLocationProvider type=2 binder=android.os.Binder@448eb380}
D/NetworkLocationProvider( 1017): getLocation(): triggering a wifi scan
I/dalvikvm( 4677): Debugger thread not active, ignoring DDM send (t=0x41504e4d l=38)
I/dalvikvm( 4677): Debugger thread not active, ignoring DDM send (t=0x41504e4d l=56)
D/NetworkLocationProvider( 1017): onCellLocationChanged [4606,0,0,2058,7]
D/LocationManager( 4677): Constructor: service = android.location.ILocationManager$Stub$Proxy@447be780
I/ActivityManager( 1017): Start proc com.biggu.shopsavvy for content provider com.biggu.shopsavvy/.data.PropertiesProvider: pid=4682 uid=10040 gids={1006, 3003, 1015}
I/ActivityManager( 1017): Process com.android.alarmclock (pid 4589) has died.
I/dalvikvm( 4682): Debugger thread not active, ignoring DDM send (t=0x41504e4d l=38)
I/dalvikvm( 4682): Debugger thread not active, ignoring DDM send (t=0x41504e4d l=42)
I/ActivityThread( 4682): Publishing provider com.biggu.shopsavvy.properties: com.biggu.shopsavvy.data.PropertiesProvider
I/DBAdapterBase( 4677): Database backup successfully (/data/data/com.biggu.shopsavvy/databases/gocart_data.db)
D/NetworkLocationProvider( 1017): addListener(): com.biggu.shopsavvy
D/NetworkLocationProvider( 1017): setMinTime: 0
I/wpa_supplicant(14380): CTRL-EVENT-DRIVER-STATE STARTED
V/WifiMonitor( 1017): Event [CTRL-EVENT-DRIVER-STATE STARTED]
I/wpa_supplicant(14380): CTRL-EVENT-STATE-CHANGE id=-1 state=2
V/WifiMonitor( 1017): Event [CTRL-EVENT-STATE-CHANGE id=-1 state=2]
V/WifiStateTracker( 1017): Changing supplicant state: DORMANT ==> SCANNING
D/NetworkStateTracker( 1017): setDetailed state, old =IDLE and new state=SCANNING
D/ConnectivityService( 1017): Dropping ConnectivityChange for WIFI: DISCONNECTED/SCANNING
I/ActivityManager( 1017): Process com.biggu.shopsavvy (pid 4682) has died.
D/dalvikvm( 4677): GC freed 4531 objects / 315736 bytes in 186ms
I/dalvikvm( 4677): Uncaught exception thrown by finalizer (will be discarded):
I/dalvikvm( 4677): Ljava/lang/IllegalStateException;: Finalizing cursor android.database.sqlite.SQLiteCursor@447d1458 on null that has not been deactivated or closed
I/dalvikvm( 4677): 	at android.database.sqlite.SQLiteCursor.finalize(SQLiteCursor.java:596)
I/dalvikvm( 4677): 	at dalvik.system.NativeStart.run(Native Method)
I/wpa_supplicant(14380): CTRL-EVENT-SCAN-RESULTS  Ready
D/NetworkLocationProvider( 1017): updateWifIScanResults(): 5 APs
D/LocationMasfClient( 1017): getNetworkLocation(): Returning cache location with accuracy 75.0
D/libgps  ( 1017): GpsInterface_inject_location( 42.411000, -77.418057, 75.000 )
D/LocationManager( 4677): removeUpdates: listener = com.biggu.shopsavvy.androidservice.locationpinger.LocationPinger$6@447be020
D/NetworkLocationProvider( 1017): removeListener(): com.biggu.shopsavvy
D/NetworkLocationProvider( 1017): setMinTime: 120000
D/dalvikvm( 4677): GC freed 5549 objects / 514184 bytes in 55ms
I/wpa_supplicant(14380): CTRL-EVENT-SCAN-RESULTS  Ready
D/WifiService( 1017): releaseWifiLockLocked: WifiLock{NetworkLocationProvider type=2 binder=android.os.Binder@448eb380}
I/wpa_supplicant(14380): CTRL-EVENT-STATE-CHANGE id=-1 state=8
V/WifiMonitor( 1017): Event [CTRL-EVENT-STATE-CHANGE id=-1 state=8]
V/WifiStateTracker( 1017): Changing supplicant state: SCANNING ==> DORMANT
D/WifiStateTracker( 1017): Deconfiguring interface and stopping DHCP
D/dalvikvm( 4677): GC freed 6815 objects / 369112 bytes in 51ms
I/wpa_supplicant(14380): CTRL-EVENT-STATE-CHANGE id=-1 state=2
V/WifiMonitor( 1017): Event [CTRL-EVENT-STATE-CHANGE id=-1 state=2]
D/NetworkStateTracker( 1017): setDetailed state, old =SCANNING and new state=IDLE
I/wpa_supplicant(14380): CTRL-EVENT-DRIVER-STATE STOPPED
V/WifiStateTracker( 1017): Changing supplicant state: DORMANT ==> SCANNING
D/NetworkStateTracker( 1017): setDetailed state, old =IDLE and new state=SCANNING
D/ConnectivityService( 1017): Dropping ConnectivityChange for WIFI: DISCONNECTED/SCANNING
D/ConnectivityService( 1017): Dropping ConnectivityChange for WIFI: DISCONNECTED/SCANNING
V/WifiMonitor( 1017): Event [CTRL-EVENT-DRIVER-STATE STOPPED]
D/GlobalSettingsParser( 4677): parsed adverts: 0
I/ActivityManager( 1017): Start proc com.biggu.shopsavvy for content provider com.biggu.shopsavvy/.data.PropertiesProvider: pid=4698 uid=10040 gids={1006, 3003, 1015}
I/dalvikvm( 4698): Debugger thread not active, ignoring DDM send (t=0x41504e4d l=38)
I/dalvikvm( 4698): Debugger thread not active, ignoring DDM send (t=0x41504e4d l=42)
I/ActivityThread( 4698): Publishing provider com.biggu.shopsavvy.properties: com.biggu.shopsavvy.data.PropertiesProvider
E/wpa_supplicant(14380): TI: Driver not initialized yet
E/wpa_supplicant(14380): TI: Driver not initialized yet
E/wpa_supplicant(14380): TI: Driver not initialized yet
E/wpa_supplicant(14380): TI: Driver not initialized yet
D/KeyguardViewMediator( 1017): wakeWhenReadyLocked(26)
D/KeyguardViewMediator( 1017): handleWakeWhenReady(26)
D/KeyguardViewMediator( 1017): pokeWakelock(5000)
I/power   ( 1017): *** set_screen_state 1
D/Sensors ( 1017): using sensors (name=sensors)
W/WindowManager( 1017): No focus window, dropping: KeyEvent{action=1 code=26 repeat=0 meta=0 scancode=107 mFlags=8}
D/WifiService( 1017): ACTION_SCREEN_ON
V/WifiStateTracker( 1017): Scan-only mode changing to false scanType=1
D/WeatherService( 1420): onStart:com.weather.WEATHER_SERVICE_GOACTIVE
D/WeatherService( 1420): dailyUpdate
D/WeatherService( 1420): goActive
D/WeatherService( 1420): onStart:com.weather.WEATHER_SERVICE_GETDATA
D/WeatherService( 1420): dailyUpdate
D/WeatherService( 1420): getWeatherUpdate
D/WeatherService( 1420): updateWidgets:0
D/WeatherService( 1420): updateWidgets:0
D/WeatherService( 1420): updateWidgets:0
D/WeatherService( 1420): stopTracking
D/WeatherService( 1420): getCC: 14809,true,true,false
D/twcCurrentConditions( 1420): updateLoc:14809
D/twcCurrentConditions( 1420): Load:14809
D/SurfaceFlinger( 1017): Screen about to return, flinger = 0x14a628
D/twcCurrentConditions( 1420): LoadingSpawn:14809
I/wpa_supplicant(14380): CTRL-EVENT-DRIVER-STATE STARTED
V/WifiMonitor( 1017): Event [CTRL-EVENT-DRIVER-STATE STARTED]
E/LocationPinger( 4677): wps error: WPS_ERROR_LOCATION_CANNOT_BE_DETERMINED
D/dalvikvm( 1420): GC freed 7039 objects / 353112 bytes in 71ms
D/WeatherService( 1420): CCHANDLER14809
D/dalvikvm( 1017): GC freed 42966 objects / 2059816 bytes in 172ms
D/WindowManager( 1017): I'm tired mEndcallBehavior=0x2
I/wpa_supplicant(14380): CTRL-EVENT-SCAN-RESULTS  Ready
I/power   ( 1017): *** set_screen_state 0
D/SurfaceFlinger( 1017): About to give-up screen, flinger = 0x14a628
D/Sensors ( 1017): using accelerometer (name=accelerometer)
I/UsageStats( 1017): Deleting usage file : usage-20100517
D/        ( 1017): unable to unlink '/data/system/usagestats/usage-20100522.bak': No such file or directory (errno=2)
D/WifiService( 1017): ACTION_SCREEN_OFF
D/WifiService( 1017): setting ACTION_DEVICE_IDLE timer for 120,000 ms
D/WeatherService( 1420): onStart:com.weather.WEATHER_SERVICE_GOINACTIVE
D/WeatherService( 1420): dailyUpdate
D/WeatherService( 1420): goInActive
D/WeatherService( 1420): goInActiveFetch
D/WifiService( 1017): acquireWifiLockLocked: WifiLock{NetworkLocationProvider type=2 binder=android.os.Binder@448eb380}
D/NetworkLocationProvider( 1017): getLocation(): triggering a wifi scan
D/NetworkLocationProvider( 1017): onCellLocationChanged [4606,0,0,2058,7]
I/wpa_supplicant(14380): CTRL-EVENT-SCAN-RESULTS  Ready
D/NetworkLocationProvider( 1017): updateWifIScanResults(): 9 APs
D/LocationMasfClient( 1017): getNetworkLocation(): Returning cache location with accuracy 75.0
D/libgps  ( 1017): GpsInterface_inject_location( 42.410984, -77.418033, 75.000 )
D/WifiService( 1017): releaseWifiLockLocked: WifiLock{NetworkLocationProvider type=2 binder=android.os.Binder@448eb380}
D/WifiService( 1017): got ACTION_DEVICE_IDLE
I/wpa_supplicant(14380): CTRL-EVENT-STATE-CHANGE id=-1 state=8
V/WifiMonitor( 1017): Event [CTRL-EVENT-STATE-CHANGE id=-1 state=8]
V/WifiStateTracker( 1017): Changing supplicant state: SCANNING ==> DORMANT
D/WifiStateTracker( 1017): Deconfiguring interface and stopping DHCP
D/NetworkStateTracker( 1017): setDetailed state, old =SCANNING and new state=IDLE
I/wpa_supplicant(14380): CTRL-EVENT-DRIVER-STATE STOPPED
D/ConnectivityService( 1017): Dropping ConnectivityChange for WIFI: DISCONNECTED/IDLE
V/WifiMonitor( 1017): Event [CTRL-EVENT-DRIVER-STATE STOPPED]
D/dalvikvm( 1420): GC freed 18044 objects / 873992 bytes in 110ms
D/WifiService( 1017): acquireWifiLockLocked: WifiLock{NetworkLocationProvider type=2 binder=android.os.Binder@448eb380}
V/WifiStateTracker( 1017): Scan-only mode changing to true scanType=2
D/NetworkLocationProvider( 1017): getLocation(): triggering a wifi scan
D/NetworkLocationProvider( 1017): onCellLocationChanged [4606,0,0,2058,7]
I/wpa_supplicant(14380): CTRL-EVENT-DRIVER-STATE STARTED
V/WifiMonitor( 1017): Event [CTRL-EVENT-DRIVER-STATE STARTED]
I/wpa_supplicant(14380): CTRL-EVENT-STATE-CHANGE id=-1 state=2
V/WifiMonitor( 1017): Event [CTRL-EVENT-STATE-CHANGE id=-1 state=2]
V/WifiStateTracker( 1017): Changing supplicant state: DORMANT ==> SCANNING
D/NetworkStateTracker( 1017): setDetailed state, old =IDLE and new state=SCANNING
D/ConnectivityService( 1017): Dropping ConnectivityChange for WIFI: DISCONNECTED/SCANNING
I/wpa_supplicant(14380): CTRL-EVENT-SCAN-RESULTS  Ready
D/NetworkLocationProvider( 1017): updateWifIScanResults(): 9 APs
D/LocationMasfClient( 1017): getNetworkLocation(): Returning cache location with accuracy 75.0
D/libgps  ( 1017): GpsInterface_inject_location( 42.410984, -77.418033, 75.000 )
D/WifiService( 1017): releaseWifiLockLocked: WifiLock{NetworkLocationProvider type=2 binder=android.os.Binder@448eb380}
I/wpa_supplicant(14380): CTRL-EVENT-STATE-CHANGE id=-1 state=8
V/WifiMonitor( 1017): Event [CTRL-EVENT-STATE-CHANGE id=-1 state=8]
V/WifiStateTracker( 1017): Changing supplicant state: SCANNING ==> DORMANT
D/WifiStateTracker( 1017): Deconfiguring interface and stopping DHCP
D/NetworkStateTracker( 1017): setDetailed state, old =SCANNING and new state=IDLE
I/wpa_supplicant(14380): CTRL-EVENT-DRIVER-STATE STOPPED
D/ConnectivityService( 1017): Dropping ConnectivityChange for WIFI: DISCONNECTED/IDLE
V/WifiMonitor( 1017): Event [CTRL-EVENT-DRIVER-STATE STOPPED]
D/WifiService( 1017): acquireWifiLockLocked: WifiLock{NetworkLocationProvider type=2 binder=android.os.Binder@448eb380}
D/NetworkLocationProvider( 1017): getLocation(): triggering a wifi scan
D/NetworkLocationProvider( 1017): onCellLocationChanged [4606,0,0,2058,7]
I/wpa_supplicant(14380): CTRL-EVENT-DRIVER-STATE STARTED
V/WifiMonitor( 1017): Event [CTRL-EVENT-DRIVER-STATE STARTED]
I/wpa_supplicant(14380): CTRL-EVENT-STATE-CHANGE id=-1 state=2
V/WifiMonitor( 1017): Event [CTRL-EVENT-STATE-CHANGE id=-1 state=2]
V/WifiStateTracker( 1017): Changing supplicant state: DORMANT ==> SCANNING
D/NetworkStateTracker( 1017): setDetailed state, old =IDLE and new state=SCANNING
D/ConnectivityService( 1017): Dropping ConnectivityChange for WIFI: DISCONNECTED/SCANNING
I/wpa_supplicant(14380): CTRL-EVENT-SCAN-RESULTS  Ready
D/NetworkLocationProvider( 1017): updateWifIScanResults(): 9 APs
D/LocationMasfClient( 1017): getNetworkLocation(): Returning cache location with accuracy 75.0
D/libgps  ( 1017): GpsInterface_inject_location( 42.410984, -77.418033, 75.000 )
D/WifiService( 1017): releaseWifiLockLocked: WifiLock{NetworkLocationProvider type=2 binder=android.os.Binder@448eb380}
I/wpa_supplicant(14380): CTRL-EVENT-STATE-CHANGE id=-1 state=8
V/WifiMonitor( 1017): Event [CTRL-EVENT-STATE-CHANGE id=-1 state=8]
V/WifiStateTracker( 1017): Changing supplicant state: SCANNING ==> DORMANT
D/WifiStateTracker( 1017): Deconfiguring interface and stopping DHCP
D/NetworkStateTracker( 1017): setDetailed state, old =SCANNING and new state=IDLE
I/wpa_supplicant(14380): CTRL-EVENT-DRIVER-STATE STOPPED
D/ConnectivityService( 1017): Dropping ConnectivityChange for WIFI: DISCONNECTED/IDLE
V/WifiMonitor( 1017): Event [CTRL-EVENT-DRIVER-STATE STOPPED]
D/LocationManager( 4677): removeUpdates: listener = com.biggu.shopsavvy.androidservice.locationpinger.LocationPinger$5@447bdd20
D/LocationManager( 4677): removeUpdates: listener = com.biggu.shopsavvy.androidservice.locationpinger.LocationPinger$6@447be020
D/LocationMasfClient( 1017): getAddressFromProtoBuf(): Ignore feature 0,Avoca
D/WifiService( 1017): acquireWifiLockLocked: WifiLock{NetworkLocationProvider type=2 binder=android.os.Binder@448eb380}
D/NetworkLocationProvider( 1017): getLocation(): triggering a wifi scan
D/NetworkLocationProvider( 1017): onCellLocationChanged [4606,0,0,2058,7]
I/wpa_supplicant(14380): CTRL-EVENT-DRIVER-STATE STARTED
V/WifiMonitor( 1017): Event [CTRL-EVENT-DRIVER-STATE STARTED]
I/wpa_supplicant(14380): CTRL-EVENT-STATE-CHANGE id=-1 state=2
V/WifiMonitor( 1017): Event [CTRL-EVENT-STATE-CHANGE id=-1 state=2]
V/WifiStateTracker( 1017): Changing supplicant state: DORMANT ==> SCANNING
D/NetworkStateTracker( 1017): setDetailed state, old =IDLE and new state=SCANNING
D/ConnectivityService( 1017): Dropping ConnectivityChange for WIFI: DISCONNECTED/SCANNING
I/wpa_supplicant(14380): CTRL-EVENT-SCAN-RESULTS  Ready
D/ConnectivityService( 1017): adding dns 66.174.95.44 for MOBILE
D/ConnectivityService( 1017): adding dns 66.174.92.14 for MOBILE
D/NetworkLocationProvider( 1017): updateWifIScanResults(): 9 APs
D/LocationMasfClient( 1017): getNetworkLocation(): Returning cache location with accuracy 75.0
D/libgps  ( 1017): GpsInterface_inject_location( 42.410984, -77.418033, 75.000 )
D/WifiService( 1017): releaseWifiLockLocked: WifiLock{NetworkLocationProvider type=2 binder=android.os.Binder@448eb380}
I/wpa_supplicant(14380): CTRL-EVENT-STATE-CHANGE id=-1 state=8
V/WifiMonitor( 1017): Event [CTRL-EVENT-STATE-CHANGE id=-1 state=8]
D/ConnectivityService( 1017): adding dns 66.174.95.44 for MOBILE
D/ConnectivityService( 1017): adding dns 66.174.92.14 for MOBILE
V/WifiStateTracker( 1017): Changing supplicant state: SCANNING ==> DORMANT
D/WifiStateTracker( 1017): Deconfiguring interface and stopping DHCP
D/NetworkStateTracker( 1017): setDetailed state, old =SCANNING and new state=IDLE
I/wpa_supplicant(14380): CTRL-EVENT-DRIVER-STATE STOPPED
D/ConnectivityService( 1017): Dropping ConnectivityChange for WIFI: DISCONNECTED/IDLE
V/WifiMonitor( 1017): Event [CTRL-EVENT-DRIVER-STATE STOPPED]
D/dalvikvm( 3918): GC freed 248 objects / 10680 bytes in 102ms
D/WifiService( 1017): acquireWifiLockLocked: WifiLock{NetworkLocationProvider type=2 binder=android.os.Binder@448eb380}
D/NetworkLocationProvider( 1017): getLocation(): triggering a wifi scan
D/NetworkLocationProvider( 1017): onCellLocationChanged [4606,0,0,2058,7]
I/wpa_supplicant(14380): CTRL-EVENT-DRIVER-STATE STARTED
V/WifiMonitor( 1017): Event [CTRL-EVENT-DRIVER-STATE STARTED]
I/wpa_supplicant(14380): CTRL-EVENT-STATE-CHANGE id=-1 state=2
V/WifiMonitor( 1017): Event [CTRL-EVENT-STATE-CHANGE id=-1 state=2]
V/WifiStateTracker( 1017): Changing supplicant state: DORMANT ==> SCANNING
D/NetworkStateTracker( 1017): setDetailed state, old =IDLE and new state=SCANNING
D/ConnectivityService( 1017): Dropping ConnectivityChange for WIFI: DISCONNECTED/SCANNING
I/wpa_supplicant(14380): CTRL-EVENT-SCAN-RESULTS  Ready
D/NetworkLocationProvider( 1017): updateWifIScanResults(): 9 APs
D/LocationMasfClient( 1017): getNetworkLocation(): Returning cache location with accuracy 75.0
D/libgps  ( 1017): GpsInterface_inject_location( 42.410984, -77.418033, 75.000 )
D/WifiService( 1017): releaseWifiLockLocked: WifiLock{NetworkLocationProvider type=2 binder=android.os.Binder@448eb380}
I/wpa_supplicant(14380): CTRL-EVENT-STATE-CHANGE id=-1 state=8
V/WifiMonitor( 1017): Event [CTRL-EVENT-STATE-CHANGE id=-1 state=8]
V/WifiStateTracker( 1017): Changing supplicant state: SCANNING ==> DORMANT
D/WifiStateTracker( 1017): Deconfiguring interface and stopping DHCP
D/NetworkStateTracker( 1017): setDetailed state, old =SCANNING and new state=IDLE
I/wpa_supplicant(14380): CTRL-EVENT-DRIVER-STATE STOPPED
D/ConnectivityService( 1017): Dropping ConnectivityChange for WIFI: DISCONNECTED/IDLE
V/WifiMonitor( 1017): Event [CTRL-EVENT-DRIVER-STATE STOPPED]
D/dalvikvm( 4677): GC freed 2530 objects / 372128 bytes in 106ms
I/dalvikvm( 4677): Uncaught exception thrown by finalizer (will be discarded):
I/dalvikvm( 4677): Ljava/lang/IllegalStateException;: Finalizing cursor android.database.sqlite.SQLiteCursor@447ef8f8 on null that has not been deactivated or closed
I/dalvikvm( 4677): 	at android.database.sqlite.SQLiteCursor.finalize(SQLiteCursor.java:596)
I/dalvikvm( 4677): 	at dalvik.system.NativeStart.run(Native Method)
D/OpenSSLSessionImpl( 4677): Freeing OpenSSL session
D/WifiService( 1017): acquireWifiLockLocked: WifiLock{NetworkLocationProvider type=2 binder=android.os.Binder@448eb380}
D/NetworkLocationProvider( 1017): getLocation(): triggering a wifi scan
D/NetworkLocationProvider( 1017): onCellLocationChanged [4606,0,0,2058,7]
I/wpa_supplicant(14380): CTRL-EVENT-DRIVER-STATE STARTED
V/WifiMonitor( 1017): Event [CTRL-EVENT-DRIVER-STATE STARTED]
I/wpa_supplicant(14380): CTRL-EVENT-STATE-CHANGE id=-1 state=2
V/WifiMonitor( 1017): Event [CTRL-EVENT-STATE-CHANGE id=-1 state=2]
V/WifiStateTracker( 1017): Changing supplicant state: DORMANT ==> SCANNING
D/NetworkStateTracker( 1017): setDetailed state, old =IDLE and new state=SCANNING
D/ConnectivityService( 1017): Dropping ConnectivityChange for WIFI: DISCONNECTED/SCANNING
I/wpa_supplicant(14380): CTRL-EVENT-SCAN-RESULTS  Ready
D/NetworkLocationProvider( 1017): updateWifIScanResults(): 9 APs
D/LocationMasfClient( 1017): getNetworkLocation(): Returning cache location with accuracy 75.0
D/libgps  ( 1017): GpsInterface_inject_location( 42.410984, -77.418033, 75.000 )
D/WifiService( 1017): releaseWifiLockLocked: WifiLock{NetworkLocationProvider type=2 binder=android.os.Binder@448eb380}
I/wpa_supplicant(14380): CTRL-EVENT-STATE-CHANGE id=-1 state=8
V/WifiMonitor( 1017): Event [CTRL-EVENT-STATE-CHANGE id=-1 state=8]
V/WifiStateTracker( 1017): Changing supplicant state: SCANNING ==> DORMANT
D/WifiStateTracker( 1017): Deconfiguring interface and stopping DHCP
D/NetworkStateTracker( 1017): setDetailed state, old =SCANNING and new state=IDLE
I/wpa_supplicant(14380): CTRL-EVENT-DRIVER-STATE STOPPED
D/ConnectivityService( 1017): Dropping ConnectivityChange for WIFI: DISCONNECTED/IDLE
V/WifiMonitor( 1017): Event [CTRL-EVENT-DRIVER-STATE STOPPED]
I/BATTD   (  994): Battd USB INSERT = Success
I/BATTD   (  994): set_charge_current=0
I/BATTD   (  994): set_charge_voltage=4200
I/BATTD   (  994): set_charge_current=0
I/BATTD   (  994): set_charge_voltage=4200
I/BATTD   (  994): set_charge_current=100
I/power   ( 1017): *** set_screen_state 1
D/Listen  ( 3976): battery state change: 3:60:2
D/Listen  ( 3976): startNextDownload isBlocked:true
D/Sensors ( 1017): using sensors (name=sensors)
I/BATTD   (  994): Battd USB INSERT = Success
I/BATTD   (  994): set_charge_voltage=4200
I/BATTD   (  994): set_charge_current=0
D/WifiService( 1017): ACTION_BATTERY_CHANGED pluggedType: 2
D/WifiService( 1017): ACTION_SCREEN_ON
V/WifiStateTracker( 1017): Scan-only mode changing to false scanType=1
I/BATTD   (  994): Battd USB INSERT = Success
D/MountListener( 1017): handleEvent ums_connected
D/WeatherService( 1420): onStart:com.weather.WEATHER_SERVICE_GOACTIVE
D/WeatherService( 1420): dailyUpdate
D/WeatherService( 1420): goActive
D/WeatherService( 1420): onStart:com.weather.WEATHER_SERVICE_GETDATA
D/WeatherService( 1420): dailyUpdate
I/BATTD   (  994): Battd USB INSERT = Success
I/BATTD   (  994): set_charge_voltage=4200
I/BATTD   (  994): set_charge_current=500
D/WeatherService( 1420): getWeatherUpdate
D/WeatherService( 1420): updateWidgets:0
D/WeatherService( 1420): updateWidgets:0
D/WeatherService( 1420): updateWidgets:0
D/WeatherService( 1420): stopTracking
D/WeatherService( 1420): getCC: 14809,true,true,false
D/twcCurrentConditions( 1420): updateLoc:14809
D/twcCurrentConditions( 1420): Load:14809
D/WifiService( 1017): ACTION_BATTERY_CHANGED pluggedType: 2
D/SurfaceFlinger( 1017): Screen about to return, flinger = 0x14a628
D/Listen  ( 3976): battery state change: 2:60:2
D/Listen  ( 3976): startNextDownload isBlocked:true
I/ActivityManager( 1017): Process com.biggu.shopsavvy:remote (pid 4677) has died.
D/twcCurrentConditions( 1420): LoadingSpawn:14809
I/wpa_supplicant(14380): CTRL-EVENT-DRIVER-STATE STARTED
V/WifiMonitor( 1017): Event [CTRL-EVENT-DRIVER-STATE STARTED]
I/wpa_supplicant(14380): CTRL-EVENT-STATE-CHANGE id=-1 state=2
V/WifiMonitor( 1017): Event [CTRL-EVENT-STATE-CHANGE id=-1 state=2]
V/WifiStateTracker( 1017): Changing supplicant state: DORMANT ==> SCANNING
D/NetworkStateTracker( 1017): setDetailed state, old =IDLE and new state=SCANNING
D/ConnectivityService( 1017): Dropping ConnectivityChange for WIFI: DISCONNECTED/SCANNING
D/ddm-heap( 3918): Got feature list request
D/KeyguardViewMediator( 1017): pokeWakelock(7000)
D/KeyguardViewMediator( 1017): pokeWakelock(7000)
D/KeyguardViewMediator( 1017): pokeWakelock(7000)
D/KeyguardViewMediator( 1017): pokeWakelock(7000)
D/KeyguardViewMediator( 1017): pokeWakelock(7000)
D/dalvikvm( 1420): GC freed 6879 objects / 353376 bytes in 89ms
I/ActivityManager( 1017): Start proc net.jimblackler.newswidget for broadcast net.jimblackler.newswidget/.WidgetUpdater: pid=4726 uid=10119 gids={3003, 1015}
W/InputManagerService( 1017): Window already focused, ignoring focus gain of: com.android.internal.view.IInputMethodClient$Stub$Proxy@44a8d820
I/wpa_supplicant(14380): CTRL-EVENT-SCAN-RESULTS  Ready
I/dalvikvm( 4726): Debugger thread not active, ignoring DDM send (t=0x41504e4d l=38)
D/dalvikvm(  986): GC freed 287 objects / 10920 bytes in 328ms
I/dalvikvm( 4726): Debugger thread not active, ignoring DDM send (t=0x41504e4d l=56)
D/dalvikvm(  986): GC freed 52 objects / 2288 bytes in 168ms
I/class net.jimblackler.newswidget.WidgetUpdater( 4726): onReceive
D/dalvikvm(  986): GC freed 2 objects / 56 bytes in 168ms
D/WeatherService( 1420): CCHANDLER14809
I/ActivityManager( 1017): Starting activity: Intent { act=android.intent.action.VIEW cmp=com.android.vending/.MyDownloadsActivity bnds=[0,387][480,483] }
W/ActivityManager( 1017): startActivity called from non-Activity context; forcing Intent.FLAG_ACTIVITY_NEW_TASK for: Intent { act=android.intent.action.VIEW cmp=com.android.vending/.MyDownloadsActivity bnds=[0,387][480,483] }
I/ActivityManager( 1017): Start proc com.android.vending for activity com.android.vending/.MyDownloadsActivity: pid=4733 uid=10026 gids={3003}
I/ActivityManager( 1017): Process net.jimblackler.newswidget (pid 4726) has died.
I/dalvikvm( 4733): Debugger thread not active, ignoring DDM send (t=0x41504e4d l=38)
I/dalvikvm( 4733): Debugger thread not active, ignoring DDM send (t=0x41504e4d l=42)
I/ActivityThread( 4733): Publishing provider com.android.vending.SuggestionsProvider: com.android.vending.SuggestionsProvider
D/dalvikvm( 4733): GC freed 2226 objects / 160608 bytes in 56ms
I/vending ( 4733): com.android.vending.api.RadioHttpClient$1.handleMessage(): Handle DATA_STATE_CHANGED event: NetworkInfo: type: MOBILE_MMS[CDMA - EvDo rev. A], state: CONNECTED/CONNECTED, reason: (unspecified), extra: (none), roaming: false, failover: false, isAvailable: true
I/ActivityManager( 1017): Displayed activity com.android.vending/.MyDownloadsActivity: 1364 ms (total 1364 ms)
D/dalvikvm( 4733): GC freed 6844 objects / 389856 bytes in 62ms
D/dalvikvm( 4733): GC freed 7574 objects / 477800 bytes in 57ms
D/dalvikvm( 4733): GC freed 13368 objects / 632984 bytes in 67ms
D/dalvikvm( 4733): GC freed 10739 objects / 705744 bytes in 83ms
I/wpa_supplicant(14380): CTRL-EVENT-SCAN-RESULTS  Ready
D/dalvikvm( 4733): GC freed 11506 objects / 898968 bytes in 80ms
I/ActivityManager( 1017): Process com.biggu.shopsavvy (pid 4698) has died.
D/dalvikvm( 4733): GC freed 2662 objects / 121256 bytes in 80ms
D/dalvikvm( 4733): GC freed 895 objects / 75952 bytes in 66ms
I/dalvikvm-heap( 4733): Grow heap (frag case) to 5.345MB for 7513-byte allocation
D/dalvikvm( 4733): GC freed 288 objects / 12048 bytes in 66ms
D/dalvikvm( 1017): GC freed 41100 objects / 2090168 bytes in 177ms
D/dalvikvm(31554): GC freed 1190 objects / 65712 bytes in 65ms
D/dalvikvm( 4733): GC freed 4180 objects / 304320 bytes in 76ms
D/dalvikvm(31554): GC freed 1710 objects / 83584 bytes in 73ms
D/dalvikvm( 4733): GC freed 5132 objects / 257600 bytes in 80ms
D/dalvikvm(31554): GC freed 3290 objects / 154472 bytes in 90ms
D/dalvikvm( 1017): GC freed 13495 objects / 588736 bytes in 288ms
D/AndroidRuntime( 4751): 
D/AndroidRuntime( 4751): >>>>>>>>>>>>>> AndroidRuntime START <<<<<<<<<<<<<<
D/AndroidRuntime( 4751): CheckJNI is OFF
D/dalvikvm( 4751): Precise GC configured ON
D/dalvikvm( 4751): creating instr width table
D/AndroidRuntime( 4751): --- registering native functions ---
D/ddm-heap( 4751): Got feature list request
I/PackageManager( 1017): Removing non-system package:net.wcjj.scharing
D/PackageManager( 1017): Removing package net.wcjj.scharing
D/PackageManager( 1017):   Services: net.wcjj.scharing.Service
D/PackageManager( 1017):   Receivers: net.wcjj.scharing.ServiceBootStrapper
D/PackageManager( 1017):   Activities: net.wcjj.scharing.SchedulerUI net.wcjj.scharing.WeekViewDeleteUI net.wcjj.scharing.DailyScheduleListActivity net.wcjj.scharing.BatchDeleteUI
I/installd(  989): unlink /data/dalvik-cache/data@app@net.wcjj.scharing.apk@classes.dex
D/ActivityManager( 1017): Uninstalling process net.wcjj.scharing
D/ActivityManager( 1017): Force removing process ProcessRecord{44bdfbb0 3918:net.wcjj.scharing/10058} (net.wcjj.scharing/10058)
W/ActivityManager( 1017): Scheduling restart of crashed service net.wcjj.scharing/.Service in 5000ms
I/Process ( 1017): Sending signal. PID: 3918 SIG: 9
D/AndroidRuntime( 4751): Shutting down VM
D/dalvikvm( 4751): DestroyJavaVM waiting for non-daemon threads to exit
D/ActivityManager( 1017): Received spurious death notification for thread android.os.BinderProxy@447c5f90
D/dalvikvm( 4751): DestroyJavaVM shutting VM down
D/dalvikvm( 4751): HeapWorker thread shutting down
D/dalvikvm( 4751): HeapWorker thread has shut down
D/jdwp    ( 4751): JDWP shutting down net...
D/jdwp    ( 4751): Got wake-up signal, bailing out of select
I/dalvikvm( 4751): Debugger has detached; object registry had 1 entries
D/dalvikvm( 4751): VM cleaning up
I/ActivityManager( 1017): Start proc com.android.voicedialer for broadcast com.android.voicedialer/.VoiceDialerReceiver: pid=4758 uid=10022 gids={3002}
E/AndroidRuntime( 4751): ERROR: thread attach failed
W/ResourceType( 1017): Resources don't contain package for resource number 0x7f0700e5
W/ResourceType( 1017): Resources don't contain package for resource number 0x7f020031
W/ResourceType( 1017): Resources don't contain package for resource number 0x7f020030
W/ResourceType( 1017): Resources don't contain package for resource number 0x7f050000
W/ResourceType( 1017): Resources don't contain package for resource number 0x7f050000
W/ResourceType( 1017): Resources don't contain package for resource number 0x7f020005
W/ResourceType( 1017): Resources don't contain package for resource number 0x7f020004
I/dalvikvm( 4758): Debugger thread not active, ignoring DDM send (t=0x41504e4d l=38)
I/dalvikvm( 4758): Debugger thread not active, ignoring DDM send (t=0x41504e4d l=50)
D/dalvikvm( 4751): LinearAlloc 0x0 used 614988 of 5242880 (11%)
D/dalvikvm( 4634): GC freed 6074 objects / 1133984 bytes in 295ms
D/Sources (14512): Creating external source for type=com.facebook.auth.login, packageName=com.facebook.katana
D/VoiceDialerReceiver( 4758): onReceive Intent { act=android.intent.action.PACKAGE_REMOVED dat=package:net.wcjj.scharing flg=0x20000000 cmp=com.android.voicedialer/.VoiceDialerReceiver (has extras) }
W/ResourceType( 1017): Resources don't contain package for resource number 0x7f080000
W/ResourceType( 1017): Resources don't contain package for resource number 0x7f020047
W/ResourceType( 1017): Resources don't contain package for resource number 0x7f020048
D/vending ( 4733): com.android.vending.api.LocalAssetDatabase.notifyListener(): 4992116647504591906 / UNINSTALLED
W/Searchables( 1017): did not find component in searchables: ComponentInfo{com.yellowbook.android2/com.yellowbook.android2.AndroidSearch}
I/CheckinService( 1017): Checkin triggered: Intent { act=android.server.checkin.CHECKIN (has extras) }, market only = true
I/CheckinService( 1017): Sending checkin request (7728 bytes)...
D/AlarmManagerService( 1017): Kernel timezone updated to 240 minutes west of GMT
D/SystemClock( 1068): Setting time of day to sec=1274574490
I/ActivityManager( 1017): Start proc com.android.calendar for broadcast com.android.providers.calendar/.TimeChangeReceiver: pid=4767 uid=10036 gids={3003}
I/dalvikvm( 4767): Debugger thread not active, ignoring DDM send (t=0x41504e4d l=38)
I/dalvikvm( 4767): Debugger thread not active, ignoring DDM send (t=0x41504e4d l=44)
I/ActivityThread( 4767): Publishing provider calendar: com.android.providers.calendar.CalendarProvider
I/ActivityManager( 1017): Start proc com.motorola.calendar for broadcast com.motorola.calendar/.AlertReceiver: pid=4778 uid=10027 gids={3003}
I/ActivityManager( 1017): Process com.android.voicedialer (pid 4758) has died.
I/dalvikvm( 4778): Debugger thread not active, ignoring DDM send (t=0x41504e4d l=38)
I/CheckinService( 1017): From server: Intent { act=android.server.checkin.FOTA_CANCEL }
I/CheckinService( 1017): From server: Intent { act=com.android.vending.UPDATES_AVAILABLE (has extras) }
I/dalvikvm( 4778): Debugger thread not active, ignoring DDM send (t=0x41504e4d l=46)
I/ActivityManager( 1017): Process com.android.calendar (pid 4767) has died.
I/ActivityThread( 4778): Publishing provider com.motorola.motosync.provider.AccountContentProvider: com.motorola.motosync.provider.AccountContentProvider
I/ActivityThread( 4778): Publishing provider calendarEx: com.motorola.providers.calendar.CalendarProvider
I/MOTOSYNC( 4778): App onCreate()
I/ActivityManager( 1017): Start proc com.android.alarmclock for broadcast com.android.alarmclock/.AlarmInitReceiver: pid=4788 uid=10017 gids={}
D/AndroidRuntime( 4786): 
D/AndroidRuntime( 4786): >>>>>>>>>>>>>> AndroidRuntime START <<<<<<<<<<<<<<
D/AndroidRuntime( 4786): CheckJNI is OFF
D/dalvikvm( 4786): Precise GC configured ON
D/dalvikvm( 4786): creating instr width table
I/dalvikvm( 4788): Debugger thread not active, ignoring DDM send (t=0x41504e4d l=38)
I/dalvikvm( 4788): Debugger thread not active, ignoring DDM send (t=0x41504e4d l=48)
I/ActivityThread( 4788): Publishing provider com.android.alarmclock: com.android.alarmclock.AlarmProvider
D/AndroidRuntime( 4786): --- registering native functions ---
I/ActivityManager( 1017): Process com.motorola.calendar (pid 4778) has died.
W/BackupManagerService( 1017): dataChanged but no participant pkg='com.android.providers.settings' uid=10017
D/ddm-heap( 4786): Got feature list request
D/vending ( 4733): com.android.vending.VendingNotificationManager.showNotification(): Showing notification: [AssetID=mydownloads, NotificationID=710204607, Title=Updates available, Message=2 updates found.]
I/ActivityManager( 1017): Process com.android.alarmclock (pid 4788) has died.
D/PackageParser( 1017): Scanning package: /data/app/vmdl70432.tmp
I/PackageManager( 1017): /data/app/vmdl70432.tmp changed; unpacking
D/installd(  989): DexInv: --- BEGIN '/data/app/vmdl70432.tmp' ---
D/dalvikvm( 4803): creating instr width table
I/wpa_supplicant(14380): CTRL-EVENT-SCAN-RESULTS  Ready
D/dalvikvm( 4803): DexOpt: load 21ms, verify 168ms, opt 1ms
D/installd(  989): DexInv: --- END '/data/app/vmdl70432.tmp' (success) ---
I/installd(  989): move /data/dalvik-cache/data@app@vmdl70432.tmp@classes.dex -> /data/dalvik-cache/data@app@net.wcjj.scharing.apk@classes.dex
D/PackageManager( 1017): New package installed in /data/app/net.wcjj.scharing.apk
D/AndroidRuntime( 4786): Shutting down VM
D/dalvikvm( 4786): DestroyJavaVM waiting for non-daemon threads to exit
D/dalvikvm( 4786): DestroyJavaVM shutting VM down
D/dalvikvm( 4786): HeapWorker thread shutting down
D/dalvikvm( 4786): HeapWorker thread has shut down
D/jdwp    ( 4786): JDWP shutting down net...
D/jdwp    ( 4786): Got wake-up signal, bailing out of select
I/dalvikvm( 4786): Debugger has detached; object registry had 1 entries
D/dalvikvm( 4786): VM cleaning up
E/AndroidRuntime( 4786): ERROR: thread attach failed
D/dalvikvm( 4786): LinearAlloc 0x0 used 623916 of 5242880 (11%)
D/AndroidRuntime( 4808): 
D/AndroidRuntime( 4808): >>>>>>>>>>>>>> AndroidRuntime START <<<<<<<<<<<<<<
D/AndroidRuntime( 4808): CheckJNI is OFF
D/dalvikvm( 4808): Precise GC configured ON
D/dalvikvm( 4808): creating instr width table
D/AndroidRuntime( 4808): --- registering native functions ---
D/OpenSSLSessionImpl( 1017): Freeing OpenSSL session
D/dalvikvm( 1017): GC freed 20522 objects / 1250816 bytes in 383ms
W/ResourceType( 1017): Resources don't contain package for resource number 0x7f0700e5
W/ResourceType( 1017): Resources don't contain package for resource number 0x7f020031
W/ResourceType( 1017): Resources don't contain package for resource number 0x7f020030
W/ResourceType( 1017): Resources don't contain package for resource number 0x7f050000
W/ResourceType( 1017): Resources don't contain package for resource number 0x7f050000
W/ResourceType( 1017): Resources don't contain package for resource number 0x7f020005
W/ResourceType( 1017): Resources don't contain package for resource number 0x7f020004
W/ResourceType( 1017): Resources don't contain package for resource number 0x7f080000
W/ResourceType( 1017): Resources don't contain package for resource number 0x7f020047
W/ResourceType( 1017): Resources don't contain package for resource number 0x7f020048
I/ActivityManager( 1017): Start proc com.android.voicedialer for broadcast com.android.voicedialer/.VoiceDialerReceiver: pid=4812 uid=10022 gids={3002}
I/dalvikvm( 4812): Debugger thread not active, ignoring DDM send (t=0x41504e4d l=38)
I/dalvikvm( 4812): Debugger thread not active, ignoring DDM send (t=0x41504e4d l=50)
D/ddm-heap( 4808): Got feature list request
D/VoiceDialerReceiver( 4812): onReceive Intent { act=android.intent.action.PACKAGE_ADDED dat=package:net.wcjj.scharing flg=0x20000000 cmp=com.android.voicedialer/.VoiceDialerReceiver (has extras) }
W/Searchables( 1017): did not find component in searchables: ComponentInfo{com.yellowbook.android2/com.yellowbook.android2.AndroidSearch}
I/ActivityManager( 1017): Start proc com.svox.pico for broadcast com.svox.pico/.VoiceDataInstallerReceiver: pid=4818 uid=10024 gids={}
D/Sources (14512): Creating external source for type=com.facebook.auth.login, packageName=com.facebook.katana
I/dalvikvm( 4818): Debugger thread not active, ignoring DDM send (t=0x41504e4d l=38)
D/ActivityManager( 1017): Uninstalling process net.wcjj.scharing
I/ActivityManager( 1017): Starting activity: Intent { flg=0x10000000 cmp=net.wcjj.scharing/.SchedulerUI }
I/dalvikvm( 4818): Debugger thread not active, ignoring DDM send (t=0x41504e4d l=30)
D/AndroidRuntime( 4808): Shutting down VM
D/dalvikvm( 4808): DestroyJavaVM waiting for non-daemon threads to exit
D/dalvikvm( 4808): DestroyJavaVM shutting VM down
D/dalvikvm( 4808): HeapWorker thread shutting down
D/dalvikvm( 4808): HeapWorker thread has shut down
D/jdwp    ( 4808): JDWP shutting down net...
D/jdwp    ( 4808): Got wake-up signal, bailing out of select
I/dalvikvm( 4808): Debugger has detached; object registry had 1 entries
D/dalvikvm( 4808): VM cleaning up
E/AndroidRuntime( 4808): ERROR: thread attach failed
I/ActivityManager( 1017): Start proc net.wcjj.scharing for activity net.wcjj.scharing/.SchedulerUI: pid=4825 uid=10058 gids={}
I/ActivityManager( 1017): Process com.android.voicedialer (pid 4812) has died.
D/ddm-heap( 4825): Got feature list request
D/dalvikvm( 4808): LinearAlloc 0x0 used 639500 of 5242880 (12%)
W/ActivityThread( 4825): Application net.wcjj.scharing is waiting for the debugger on port 8100...
I/System.out( 4825): Sending WAIT chunk
I/dalvikvm( 4825): Debugger is active
I/ActivityManager( 1017): Process com.svox.pico (pid 4818) has died.
I/System.out( 4825): Debugger has connected
I/System.out( 4825): waiting for debugger to settle...
I/System.out( 4825): waiting for debugger to settle...
I/CheckinService( 1017): Checkin triggered: Intent { act=android.server.checkin.CHECKIN (has extras) }, market only = true
I/CheckinService( 1017): Sending checkin request (7728 bytes)...
I/System.out( 4825): waiting for debugger to settle...
I/System.out( 4825): waiting for debugger to settle...
I/System.out( 4825): waiting for debugger to settle...
I/System.out( 4825): waiting for debugger to settle...
I/System.out( 4825): waiting for debugger to settle...
I/System.out( 4825): waiting for debugger to settle...
I/System.out( 4825): waiting for debugger to settle...
I/System.out( 4825): debugger has settled (1449)
D/dalvikvm( 4825): GC freed 759 objects / 56624 bytes in 77ms
I/Scharing_Service( 4825): Scharing_Service started.
I/CheckinService( 1017): From server: Intent { act=android.server.checkin.FOTA_CANCEL }
I/ActivityManager( 1017): Displayed activity net.wcjj.scharing/.SchedulerUI: 3767 ms (total 3767 ms)
D/AlarmManagerService( 1017): Kernel timezone updated to 240 minutes west of GMT
I/wpa_supplicant(14380): CTRL-EVENT-SCAN-RESULTS  Ready
I/ActivityManager( 1017): Starting activity: Intent { cmp=net.wcjj.scharing/.WeekViewDeleteUI }
D/        ( 4825): unable to unlink '/data/data/net.wcjj.scharing/shared_prefs/scharingPreferences.xml.bak': No such file or directory (errno=2)
I/ActivityManager( 1017): Displayed activity net.wcjj.scharing/.WeekViewDeleteUI: 759 ms (total 759 ms)
I/ActivityManager( 1017): Starting activity: Intent { cmp=net.wcjj.scharing/.DailyScheduleListActivity }
D/dalvikvm( 4825): GC freed 5170 objects / 294648 bytes in 53ms
I/ActivityManager( 1017): Displayed activity net.wcjj.scharing/.DailyScheduleListActivity: 479 ms (total 479 ms)
W/KeyCharacterMap( 4825): Can't open keycharmap file
W/KeyCharacterMap( 4825): Error loading keycharmap file '/system/usr/keychars/qtouch-touchscreen.kcm.bin'. hw.keyboards.65538.devname='qtouch-touchscreen'
W/KeyCharacterMap( 4825): Using default keymap: /system/usr/keychars/qwerty.kcm.bin
I/ActivityManager( 1017): Process com.skype.android.verizon (pid 3967) has died.
W/ActivityManager( 1017): Scheduling restart of crashed service com.skype.android.verizon/.service.SkypeService in 5000ms
D/dalvikvm( 4825): GC freed 1108 objects / 49608 bytes in 54ms
D/dalvikvm( 4825): GC freed 1841 objects / 97864 bytes in 49ms
W/InputManagerService( 1017): Window already focused, ignoring focus gain of: com.android.internal.view.IInputMethodClient$Stub$Proxy@447cb790
I/ActivityManager( 1017): Start proc com.skype.android.verizon for service com.skype.android.verizon/.service.SkypeService: pid=4835 uid=10121 gids={3003}
I/dalvikvm( 4835): Debugger thread not active, ignoring DDM send (t=0x41504e4d l=38)
I/dalvikvm( 4835): Debugger thread not active, ignoring DDM send (t=0x41504e4d l=54)
D/dalvikvm(14512): GC freed 12762 objects / 695824 bytes in 163ms
D/dalvikvm(31554): GC freed 2962 objects / 139856 bytes in 111ms
I/wpa_supplicant(14380): CTRL-EVENT-SCAN-RESULTS  Ready
W/InputManagerService( 1017): Window already focused, ignoring focus gain of: com.android.internal.view.IInputMethodClient$Stub$Proxy@44a00cc8
W/InputManagerService( 1017): Window already focused, ignoring focus gain of: com.android.internal.view.IInputMethodClient$Stub$Proxy@448c5ff0
W/InputManagerService( 1017): Window already focused, ignoring focus gain of: com.android.internal.view.IInputMethodClient$Stub$Proxy@44872588
W/InputManagerService( 1017): Window already focused, ignoring focus gain of: com.android.internal.view.IInputMethodClient$Stub$Proxy@4483f3c0
D/WifiService( 1017): acquireWifiLockLocked: WifiLock{NetworkLocationProvider type=2 binder=android.os.Binder@448eb380}
D/NetworkLocationProvider( 1017): getLocation(): triggering a wifi scan
D/NetworkLocationProvider( 1017): onCellLocationChanged [4606,0,0,2058,7]
I/wpa_supplicant(14380): CTRL-EVENT-SCAN-RESULTS  Ready
W/InputManagerService( 1017): Window already focused, ignoring focus gain of: com.android.internal.view.IInputMethodClient$Stub$Proxy@44a5ab30
D/WifiService( 1017): releaseWifiLockLocked: WifiLock{NetworkLocationProvider type=2 binder=android.os.Binder@448eb380}
D/libgps  ( 1017): GpsInterface_inject_location( 42.410984, -77.418033, 75.000 )
W/InputManagerService( 1017): Window already focused, ignoring focus gain of: com.android.internal.view.IInputMethodClient$Stub$Proxy@44690de8
W/ActivityManager( 1017): Unable to start service Intent { act=com.motorola.motosync.service.intent.action.CHECK_PING flg=0x4 cmp=com.motorola.motosync/.service.EasService (has extras) }: not found
W/InputManagerService( 1017): Window already focused, ignoring focus gain of: com.android.internal.view.IInputMethodClient$Stub$Proxy@447ec9c8
D/dalvikvm( 1017): GC freed 16151 objects / 1077512 bytes in 160ms
W/InputManagerService( 1017): Window already focused, ignoring focus gain of: com.android.internal.view.IInputMethodClient$Stub$Proxy@44a49650
